{
  "version": "provider-native-smoke/1.0",
  "evidence_kind": "native_tool",
  "production_qualified": false,
  "live_service_qualified": false,
  "production_configure_qualified": false,
  "resource_lifecycle_qualified": false,
  "network": "AF_UNIX only; all IP sockets denied by inherited adapter seccomp",
  "commands": {
    "init": {
      "status": "passed",
      "output_sha256": "74234e98afe7498fb5daf1f36ac2d78acc339464f950703b8c019892f982b90b"
    },
    "schema": {
      "status": "blocked",
      "code": "provider_command_failed"
    },
    "validate": {
      "status": "blocked",
      "code": "provider_command_failed"
    }
  },
  "pins": {
    "tofu_sha256": "0a9eda0f0898896969492504a6ce778f310675e8a1eb960434c26806cd252627",
    "provider_sha256": "28d3af959966dc73ef8c001e8f70b8ac7efc5c394162b51351ea8c8dfc97eb06",
    "selected_schema_sha256": "e081e5bf4c7e8ea2c599ef1c65c73bb525a8f9a2d98b66baed6cc1243a91aef3",
    "source_revision": "1718c946b3ae111bb44c7c1d925b3e35b708cb0a"
  },
  "harness_sha256": "9a728e55c8ae8e71a764e86e2d1b111f03fd395dde16393f3f32969c746b30c2",
  "adapter_sha256": "78933f15bca93d268f41cdd29c94f8f2cc80210762f4f26e994af17af81c4cfa",
  "implementation_files": {
    "provider_execution.py": "78933f15bca93d268f41cdd29c94f8f2cc80210762f4f26e994af17af81c4cfa",
    "approval_authority.py": "7770a65bf142491768cd74a10871e601ea0ffabeed1afbe21315e1d03fbe7c0e",
    "io.py": "4b0271fee3565f6f4f765ff1cb48476faf34662d78f2bc0fc14e2e0fb3ccbb41",
    "production.py": "f4b956719016ca1fb2ad1efa26c69f05f0c483c222a0ed42e8cc46d68d19610d",
    "protected.py": "027057986a7c19662507124e5e470d4051adcb07af95c9c544adf3a1829ba02f"
  },
  "host_unix_socket": {
    "status": "blocked",
    "errno": 1
  },
  "schema_validation_qualified": false,
  "status": "native-prerequisite-blocked",
  "provider_lock_sha256": "6df6d91816297a9e26074cf01cf5ed528991442f011d0f827c3afeb05ed21070"
}
