github.com/deploymenttheory/terraform-provider-microsoft365@
golang.org/x/sys@v0.47.0
github.com/mattn/go-isatty@v0.0.20
github.com/mattn/go-colorable@v0.1.14
github.com/fatih/color@v1.18.0
github.com/hashicorp/go-hclog@v1.6.3
github.com/hashicorp/terraform-plugin-log@v0.11.0
github.com/hashicorp/terraform-plugin-log@v0.11.0
github.com/hashicorp/terraform-plugin-log@v0.11.0
github.com/hashicorp/terraform-plugin-log@v0.11.0
github.com/google/uuid@v1.6.0
github.com/microsoft/kiota-abstractions-go@v1.9.4
github.com/microsoft/kiota-abstractions-go@v1.9.4
github.com/std-uritemplate/std-uritemplate/go/v2@v2.0.3
github.com/go-logr/logr@v1.4.3
github.com/go-logr/logr@v1.4.3
github.com/go-logr/stdr@v1.2.2
go.opentelemetry.io/auto/sdk@v1.2.1
go.opentelemetry.io/otel@v1.43.0
github.com/cespare/xxhash/v2@v2.3.0
go.opentelemetry.io/otel@v1.43.0
go.opentelemetry.io/otel@v1.43.0
go.opentelemetry.io/otel@v1.43.0
go.opentelemetry.io/otel@v1.43.0
go.opentelemetry.io/otel@v1.43.0
go.opentelemetry.io/otel/trace@v1.43.0
go.opentelemetry.io/otel/trace@v1.43.0
go.opentelemetry.io/otel/trace@v1.43.0
go.opentelemetry.io/otel/trace@v1.43.0
go.opentelemetry.io/auto/sdk@v1.2.1
go.opentelemetry.io/otel@v1.43.0
go.opentelemetry.io/otel/metric@v1.43.0
go.opentelemetry.io/otel/metric@v1.43.0
go.opentelemetry.io/otel@v1.43.0
go.opentelemetry.io/otel@v1.43.0
go.opentelemetry.io/otel@v1.43.0
go.opentelemetry.io/otel@v1.43.0
go.opentelemetry.io/otel@v1.43.0
github.com/microsoft/kiota-abstractions-go@v1.9.4
github.com/deploymenttheory/terraform-provider-microsoft365@
github.com/deploymenttheory/terraform-provider-microsoft365@
github.com/vmihailenco/msgpack/v5@v5.4.1
github.com/vmihailenco/tagparser/v2@v2.0.0
github.com/vmihailenco/tagparser/v2@v2.0.0
github.com/vmihailenco/tagparser/v2@v2.0.0
github.com/vmihailenco/msgpack/v5@v5.4.1
github.com/hashicorp/terraform-plugin-go@v0.31.0
github.com/hashicorp/terraform-plugin-framework@v1.19.0
github.com/hashicorp/terraform-plugin-framework@v1.19.0
github.com/hashicorp/terraform-plugin-framework@v1.19.0
github.com/mitchellh/go-testing-interface@v1.14.1
github.com/hashicorp/terraform-plugin-log@v0.11.0
github.com/hashicorp/terraform-plugin-framework@v1.19.0
github.com/hashicorp/terraform-plugin-framework@v1.19.0
github.com/hashicorp/terraform-plugin-framework@v1.19.0
github.com/hashicorp/terraform-plugin-framework@v1.19.0
github.com/hashicorp/terraform-plugin-framework@v1.19.0
github.com/hashicorp/terraform-plugin-framework@v1.19.0
github.com/hashicorp/terraform-plugin-framework@v1.19.0
github.com/hashicorp/terraform-plugin-framework@v1.19.0
github.com/hashicorp/terraform-plugin-framework@v1.19.0
github.com/hashicorp/terraform-plugin-framework@v1.19.0
github.com/hashicorp/terraform-plugin-framework@v1.19.0
github.com/hashicorp/terraform-plugin-framework@v1.19.0
github.com/hashicorp/terraform-plugin-framework@v1.19.0
github.com/deploymenttheory/terraform-provider-microsoft365@
github.com/hashicorp/terraform-plugin-framework@v1.19.0
github.com/hashicorp/terraform-plugin-framework-timeouts@v0.7.0
github.com/hashicorp/terraform-plugin-framework@v1.19.0
github.com/hashicorp/terraform-plugin-framework@v1.19.0
github.com/hashicorp/terraform-plugin-framework@v1.19.0
github.com/hashicorp/terraform-plugin-framework-timeouts@v0.7.0
github.com/deploymenttheory/terraform-provider-microsoft365@
github.com/deploymenttheory/terraform-provider-microsoft365@
github.com/deploymenttheory/terraform-provider-microsoft365@
github.com/microsoft/kiota-serialization-json-go@v1.1.4
github.com/deploymenttheory/terraform-provider-microsoft365@
github.com/deploymenttheory/terraform-provider-microsoft365@
