test_duplicate_reference_in_both_orders (evaluations.test_repaired_pipeline.PipelineRepairs.test_duplicate_reference_in_both_orders) ... ok
test_executable_registry_and_trusted_python (evaluations.test_repaired_pipeline.PipelineRepairs.test_executable_registry_and_trusted_python) ... ok
test_forged_mapping_complete_rejected (evaluations.test_repaired_pipeline.PipelineRepairs.test_forged_mapping_complete_rejected) ... ok
test_generation_context_selected_and_versions (evaluations.test_repaired_pipeline.PipelineRepairs.test_generation_context_selected_and_versions) ... ok
test_incomplete_assignment_is_not_empty (evaluations.test_repaired_pipeline.PipelineRepairs.test_incomplete_assignment_is_not_empty) ... ok
test_initial_queries_not_complete (evaluations.test_repaired_pipeline.PipelineRepairs.test_initial_queries_not_complete) ... ok
test_malformed_setting_variants (evaluations.test_repaired_pipeline.PipelineRepairs.test_malformed_setting_variants) ... ok
test_provider_projection_exact (evaluations.test_repaired_pipeline.PipelineRepairs.test_provider_projection_exact) ... ok
test_unknown_or_malformed_manifest_conflict_preserves_bytes (evaluations.test_repaired_pipeline.PipelineRepairs.test_unknown_or_malformed_manifest_conflict_preserves_bytes) ... ok
test_unknown_value_and_key_canaries_absent (evaluations.test_repaired_pipeline.PipelineRepairs.test_unknown_value_and_key_canaries_absent) ... ok
test_unmapped_capability_review_only (evaluations.test_repaired_pipeline.PipelineRepairs.test_unmapped_capability_review_only) ... ok
test_zero_invalid_guids_and_description (evaluations.test_repaired_pipeline.PipelineRepairs.test_zero_invalid_guids_and_description) ... ok
test_prefix_is_not_route (evaluations.test_intake_edges.IntakeEdges.test_prefix_is_not_route) ... ok
test_unknown_nested_template_metadata (evaluations.test_intake_edges.IntakeEdges.test_unknown_nested_template_metadata) ... ok
test_wrong_collection_owner_url (evaluations.test_intake_edges.IntakeEdges.test_wrong_collection_owner_url) ... ok
test_absent_null_empty_distinct (evaluations.test_reference.ReferenceTests.test_absent_null_empty_distinct) ... ERROR
test_all_source_nodes_accounted (evaluations.test_reference.ReferenceTests.test_all_source_nodes_accounted) ... ok
test_bash_argv_roundtrip (evaluations.test_reference.ReferenceTests.test_bash_argv_roundtrip) ... ok
test_command_rejects_control_chars (evaluations.test_reference.ReferenceTests.test_command_rejects_control_chars) ... ok
test_denied_collection_not_empty_desired (evaluations.test_reference.ReferenceTests.test_denied_collection_not_empty_desired) ... ok
test_duplicate_display_name_not_selected (evaluations.test_reference.ReferenceTests.test_duplicate_display_name_not_selected) ... ok
test_duplicate_evidence_ids_rejected (evaluations.test_reference.ReferenceTests.test_duplicate_evidence_ids_rejected) ... ok
test_empty_resume_changes_preserves_stages (evaluations.test_reference.ReferenceTests.test_empty_resume_changes_preserves_stages) ... ok
test_external_writer_blocks (evaluations.test_reference.ReferenceTests.test_external_writer_blocks) ... ok
test_files_contain_real_import (evaluations.test_reference.ReferenceTests.test_files_contain_real_import) ... ok
test_forged_complete_nextlink_still_blocks (evaluations.test_reference.ReferenceTests.test_forged_complete_nextlink_still_blocks) ... ok
test_generation_is_stable (evaluations.test_reference.ReferenceTests.test_generation_is_stable) ... ok
test_group_reference_not_owned (evaluations.test_reference.ReferenceTests.test_group_reference_not_owned) ... ok
test_id_collision_rejected (evaluations.test_reference.ReferenceTests.test_id_collision_rejected) ... ok
test_ids_and_assignments_preserved (evaluations.test_reference.ReferenceTests.test_ids_and_assignments_preserved) ... ok
test_malicious_nextlink_blocks (evaluations.test_reference.ReferenceTests.test_malicious_nextlink_blocks) ... ok
test_missing_page_blocks_not_empty (evaluations.test_reference.ReferenceTests.test_missing_page_blocks_not_empty) ... ok
test_mutation_guard_detects_lost_exclusion (evaluations.test_reference.ReferenceTests.test_mutation_guard_detects_lost_exclusion) ... ok
test_name_does_not_determine_key (evaluations.test_reference.ReferenceTests.test_name_does_not_determine_key) ... ok
test_no_live_command_execution_code (evaluations.test_reference.ReferenceTests.test_no_live_command_execution_code) ... ok
test_partial_emits_no_active_iac (evaluations.test_reference.ReferenceTests.test_partial_emits_no_active_iac) ... ok
test_path_traversal_is_rejected (evaluations.test_reference.ReferenceTests.test_path_traversal_is_rejected) ... ok
test_pilot_denominators (evaluations.test_reference.ReferenceTests.test_pilot_denominators) ... ok
test_plan_replacement_blocks_adoption (evaluations.test_reference.ReferenceTests.test_plan_replacement_blocks_adoption) ... ok
test_plan_update_not_assumed_state_only (evaluations.test_reference.ReferenceTests.test_plan_update_not_assumed_state_only) ... ok
test_powershell_quoted_literal (evaluations.test_reference.ReferenceTests.test_powershell_quoted_literal) ... ok
test_resume_invalidation_selective (evaluations.test_reference.ReferenceTests.test_resume_invalidation_selective) ... ok
test_secret_value_not_serialized (evaluations.test_reference.ReferenceTests.test_secret_value_not_serialized) ... ok
test_state_only_requires_exact_contract (evaluations.test_reference.ReferenceTests.test_state_only_requires_exact_contract) ... ok
test_supported_has_no_mapping_blockers (evaluations.test_reference.ReferenceTests.test_supported_has_no_mapping_blockers) ... ok
test_symlink_target_rejected (evaluations.test_reference.ReferenceTests.test_symlink_target_rejected) ... ok
test_unknown_field_blocks_execution (evaluations.test_reference.ReferenceTests.test_unknown_field_blocks_execution) ... ok
test_unknown_polymorph_blocks (evaluations.test_reference.ReferenceTests.test_unknown_polymorph_blocks) ... ok
test_write_rerun_and_edit_conflict (evaluations.test_reference.ReferenceTests.test_write_rerun_and_edit_conflict) ... ok
test_wrong_engine_is_rejected (evaluations.test_reference.ReferenceTests.test_wrong_engine_is_rejected) ... ok
test_wrong_provider_version_is_rejected (evaluations.test_reference.ReferenceTests.test_wrong_provider_version_is_rejected) ... ok
test_wrong_stack_is_rejected (evaluations.test_reference.ReferenceTests.test_wrong_stack_is_rejected) ... ok
test_wrong_tenant_rejected (evaluations.test_reference.ReferenceTests.test_wrong_tenant_rejected) ... ok

======================================================================
ERROR: test_absent_null_empty_distinct (evaluations.test_reference.ReferenceTests.test_absent_null_empty_distinct)
----------------------------------------------------------------------
Traceback (most recent call last):
  File "/workspace/scratch/26b6d364cfda/intune-iac-repaired/evaluations/test_reference.py", line 37, in test_absent_null_empty_distinct
    n=normalize(b,P,T);self.assertEqual(n['observed']['policy']['description'],value)
                                        ~~~~~~~~~~~~~~~~~~~~~~~^^^^^^^^^^^^^^^
KeyError: 'description'

----------------------------------------------------------------------
Ran 53 tests in 0.876s

FAILED (errors=1)
