{"Time":"2026-10-01T08:55:43.677084373+09:00","Action":"start","Package":"github.com/deploymenttheory/terraform-provider-microsoft365"}
{"Time":"2026-10-01T08:55:43.680650311+09:00","Action":"run","Package":"github.com/deploymenttheory/terraform-provider-microsoft365","Test":"TestPatchFirstHTTP403Rejected"}
{"Time":"2026-10-01T08:55:43.680659074+09:00","Action":"output","Package":"github.com/deploymenttheory/terraform-provider-microsoft365","Test":"TestPatchFirstHTTP403Rejected","Output":"=== RUN   TestPatchFirstHTTP403Rejected\n"}
{"Time":"2026-10-01T08:55:43.680858224+09:00","Action":"output","Package":"github.com/deploymenttheory/terraform-provider-microsoft365","Test":"TestPatchFirstHTTP403Rejected","Output":"    patch_contract_test.go:29: body=\"{\\\"error\\\":{\\\"code\\\":\\\"AccessDenied\\\",\\\"secret\\\":\\\"restricted\\\"}}\" error=\u003cnil\u003e\n"}
{"Time":"2026-10-01T08:55:43.680868579+09:00","Action":"output","Package":"github.com/deploymenttheory/terraform-provider-microsoft365","Test":"TestPatchFirstHTTP403Rejected","Output":"--- FAIL: TestPatchFirstHTTP403Rejected (0.00s)\n"}
{"Time":"2026-10-01T08:55:43.680871203+09:00","Action":"fail","Package":"github.com/deploymenttheory/terraform-provider-microsoft365","Test":"TestPatchFirstHTTP403Rejected","Elapsed":0}
{"Time":"2026-10-01T08:55:43.680878084+09:00","Action":"run","Package":"github.com/deploymenttheory/terraform-provider-microsoft365","Test":"TestPatchLaterHTTP403RejectedWithoutPartialResult"}
{"Time":"2026-10-01T08:55:43.680881569+09:00","Action":"output","Package":"github.com/deploymenttheory/terraform-provider-microsoft365","Test":"TestPatchLaterHTTP403RejectedWithoutPartialResult","Output":"=== RUN   TestPatchLaterHTTP403RejectedWithoutPartialResult\n"}
{"Time":"2026-10-01T08:55:43.681023513+09:00","Action":"output","Package":"github.com/deploymenttheory/terraform-provider-microsoft365","Test":"TestPatchLaterHTTP403RejectedWithoutPartialResult","Output":"    patch_contract_test.go:35: \"{\\\"value\\\":[{\\\"id\\\":\\\"0\\\"}]}\" [https://graph.microsoft.com/beta/deviceManagement/configurationPolicies('11111111-1111-1111-1111-111111111111')/settings https://graph.microsoft.com/beta/deviceManagement/configurationPolicies('11111111-1111-1111-1111-111111111111')/settings?$skiptoken=one] \u003cnil\u003e\n"}
{"Time":"2026-10-01T08:55:43.681029822+09:00","Action":"output","Package":"github.com/deploymenttheory/terraform-provider-microsoft365","Test":"TestPatchLaterHTTP403RejectedWithoutPartialResult","Output":"--- FAIL: TestPatchLaterHTTP403RejectedWithoutPartialResult (0.00s)\n"}
{"Time":"2026-10-01T08:55:43.681032306+09:00","Action":"fail","Package":"github.com/deploymenttheory/terraform-provider-microsoft365","Test":"TestPatchLaterHTTP403RejectedWithoutPartialResult","Elapsed":0}
{"Time":"2026-10-01T08:55:43.681034539+09:00","Action":"run","Package":"github.com/deploymenttheory/terraform-provider-microsoft365","Test":"TestPatchFullAdmittedContinuationPreserved"}
{"Time":"2026-10-01T08:55:43.681036222+09:00","Action":"output","Package":"github.com/deploymenttheory/terraform-provider-microsoft365","Test":"TestPatchFullAdmittedContinuationPreserved","Output":"=== RUN   TestPatchFullAdmittedContinuationPreserved\n"}
{"Time":"2026-10-01T08:55:43.681140048+09:00","Action":"output","Package":"github.com/deploymenttheory/terraform-provider-microsoft365","Test":"TestPatchFullAdmittedContinuationPreserved","Output":"--- PASS: TestPatchFullAdmittedContinuationPreserved (0.00s)\n"}
{"Time":"2026-10-01T08:55:43.681142622+09:00","Action":"pass","Package":"github.com/deploymenttheory/terraform-provider-microsoft365","Test":"TestPatchFullAdmittedContinuationPreserved","Elapsed":0}
{"Time":"2026-10-01T08:55:43.681144895+09:00","Action":"run","Package":"github.com/deploymenttheory/terraform-provider-microsoft365","Test":"TestPatchInitialExpandQueryRetained"}
{"Time":"2026-10-01T08:55:43.681146458+09:00","Action":"output","Package":"github.com/deploymenttheory/terraform-provider-microsoft365","Test":"TestPatchInitialExpandQueryRetained","Output":"=== RUN   TestPatchInitialExpandQueryRetained\n"}
{"Time":"2026-10-01T08:55:43.68118094+09:00","Action":"output","Package":"github.com/deploymenttheory/terraform-provider-microsoft365","Test":"TestPatchInitialExpandQueryRetained","Output":"    patch_contract_test.go:52: [https://graph.microsoft.com/beta/deviceManagement/configurationPolicies('11111111-1111-1111-1111-111111111111')/settings] \u003cnil\u003e\n"}
{"Time":"2026-10-01T08:55:43.681185456+09:00","Action":"output","Package":"github.com/deploymenttheory/terraform-provider-microsoft365","Test":"TestPatchInitialExpandQueryRetained","Output":"--- FAIL: TestPatchInitialExpandQueryRetained (0.00s)\n"}
{"Time":"2026-10-01T08:55:43.681187519+09:00","Action":"fail","Package":"github.com/deploymenttheory/terraform-provider-microsoft365","Test":"TestPatchInitialExpandQueryRetained","Elapsed":0}
{"Time":"2026-10-01T08:55:43.681189703+09:00","Action":"run","Package":"github.com/deploymenttheory/terraform-provider-microsoft365","Test":"TestPatchUnadmittedContinuationNeverSent"}
{"Time":"2026-10-01T08:55:43.681191365+09:00","Action":"output","Package":"github.com/deploymenttheory/terraform-provider-microsoft365","Test":"TestPatchUnadmittedContinuationNeverSent","Output":"=== RUN   TestPatchUnadmittedContinuationNeverSent\n"}
{"Time":"2026-10-01T08:55:43.681211836+09:00","Action":"run","Package":"github.com/deploymenttheory/terraform-provider-microsoft365","Test":"TestPatchUnadmittedContinuationNeverSent/http://graph.microsoft.com/beta/x"}
{"Time":"2026-10-01T08:55:43.681213839+09:00","Action":"output","Package":"github.com/deploymenttheory/terraform-provider-microsoft365","Test":"TestPatchUnadmittedContinuationNeverSent/http://graph.microsoft.com/beta/x","Output":"=== RUN   TestPatchUnadmittedContinuationNeverSent/http://graph.microsoft.com/beta/x\n"}
{"Time":"2026-10-01T08:55:43.681284505+09:00","Action":"output","Package":"github.com/deploymenttheory/terraform-provider-microsoft365","Test":"TestPatchUnadmittedContinuationNeverSent/http://graph.microsoft.com/beta/x","Output":"    patch_contract_test.go:60: \"{\\\"value\\\":[{\\\"id\\\":\\\"0\\\"}]}\" [https://graph.microsoft.com/beta/deviceManagement/configurationPolicies('11111111-1111-1111-1111-111111111111')/settings http://graph.microsoft.com/beta/x] \u003cnil\u003e\n"}
{"Time":"2026-10-01T08:55:43.681288672+09:00","Action":"output","Package":"github.com/deploymenttheory/terraform-provider-microsoft365","Test":"TestPatchUnadmittedContinuationNeverSent/http://graph.microsoft.com/beta/x","Output":"--- FAIL: TestPatchUnadmittedContinuationNeverSent/http://graph.microsoft.com/beta/x (0.00s)\n"}
{"Time":"2026-10-01T08:55:43.681290925+09:00","Action":"fail","Package":"github.com/deploymenttheory/terraform-provider-microsoft365","Test":"TestPatchUnadmittedContinuationNeverSent/http://graph.microsoft.com/beta/x","Elapsed":0}
{"Time":"2026-10-01T08:55:43.681295662+09:00","Action":"run","Package":"github.com/deploymenttheory/terraform-provider-microsoft365","Test":"TestPatchUnadmittedContinuationNeverSent/https://untrusted.invalid/next"}
{"Time":"2026-10-01T08:55:43.681297605+09:00","Action":"output","Package":"github.com/deploymenttheory/terraform-provider-microsoft365","Test":"TestPatchUnadmittedContinuationNeverSent/https://untrusted.invalid/next","Output":"=== RUN   TestPatchUnadmittedContinuationNeverSent/https://untrusted.invalid/next\n"}
{"Time":"2026-10-01T08:55:43.681339058+09:00","Action":"output","Package":"github.com/deploymenttheory/terraform-provider-microsoft365","Test":"TestPatchUnadmittedContinuationNeverSent/https://untrusted.invalid/next","Output":"    patch_contract_test.go:60: \"{\\\"value\\\":[{\\\"id\\\":\\\"0\\\"}]}\" [https://graph.microsoft.com/beta/deviceManagement/configurationPolicies('11111111-1111-1111-1111-111111111111')/settings https://untrusted.invalid/next] \u003cnil\u003e\n"}
{"Time":"2026-10-01T08:55:43.681345107+09:00","Action":"output","Package":"github.com/deploymenttheory/terraform-provider-microsoft365","Test":"TestPatchUnadmittedContinuationNeverSent/https://untrusted.invalid/next","Output":"--- FAIL: TestPatchUnadmittedContinuationNeverSent/https://untrusted.invalid/next (0.00s)\n"}
{"Time":"2026-10-01T08:55:43.681350154+09:00","Action":"fail","Package":"github.com/deploymenttheory/terraform-provider-microsoft365","Test":"TestPatchUnadmittedContinuationNeverSent/https://untrusted.invalid/next","Elapsed":0}
{"Time":"2026-10-01T08:55:43.68135366+09:00","Action":"run","Package":"github.com/deploymenttheory/terraform-provider-microsoft365","Test":"TestPatchUnadmittedContinuationNeverSent/https://graph.microsoft.com/beta/deviceManagement/configurationPolicies('11111111-1111-1111-1111-111111111111')/settings/other?x=1"}
{"Time":"2026-10-01T08:55:43.681355592+09:00","Action":"output","Package":"github.com/deploymenttheory/terraform-provider-microsoft365","Test":"TestPatchUnadmittedContinuationNeverSent/https://graph.microsoft.com/beta/deviceManagement/configurationPolicies('11111111-1111-1111-1111-111111111111')/settings/other?x=1","Output":"=== RUN   TestPatchUnadmittedContinuationNeverSent/https://graph.microsoft.com/beta/deviceManagement/configurationPolicies('11111111-1111-1111-1111-111111111111')/settings/other?x=1\n"}
{"Time":"2026-10-01T08:55:43.681411467+09:00","Action":"output","Package":"github.com/deploymenttheory/terraform-provider-microsoft365","Test":"TestPatchUnadmittedContinuationNeverSent/https://graph.microsoft.com/beta/deviceManagement/configurationPolicies('11111111-1111-1111-1111-111111111111')/settings/other?x=1","Output":"    patch_contract_test.go:60: \"{\\\"value\\\":[{\\\"id\\\":\\\"0\\\"}]}\" [https://graph.microsoft.com/beta/deviceManagement/configurationPolicies('11111111-1111-1111-1111-111111111111')/settings https://graph.microsoft.com/beta/deviceManagement/configurationPolicies('11111111-1111-1111-1111-111111111111')/settings/other?x=1] \u003cnil\u003e\n"}
{"Time":"2026-10-01T08:55:43.681415663+09:00","Action":"output","Package":"github.com/deploymenttheory/terraform-provider-microsoft365","Test":"TestPatchUnadmittedContinuationNeverSent/https://graph.microsoft.com/beta/deviceManagement/configurationPolicies('11111111-1111-1111-1111-111111111111')/settings/other?x=1","Output":"--- FAIL: TestPatchUnadmittedContinuationNeverSent/https://graph.microsoft.com/beta/deviceManagement/configurationPolicies('11111111-1111-1111-1111-111111111111')/settings/other?x=1 (0.00s)\n"}
{"Time":"2026-10-01T08:55:43.681418357+09:00","Action":"fail","Package":"github.com/deploymenttheory/terraform-provider-microsoft365","Test":"TestPatchUnadmittedContinuationNeverSent/https://graph.microsoft.com/beta/deviceManagement/configurationPolicies('11111111-1111-1111-1111-111111111111')/settings/other?x=1","Elapsed":0}
{"Time":"2026-10-01T08:55:43.681421281+09:00","Action":"run","Package":"github.com/deploymenttheory/terraform-provider-microsoft365","Test":"TestPatchUnadmittedContinuationNeverSent/https://graph.microsoft.com/beta/deviceManagement/configurationPolicies('11111111-1111-1111-1111-111111111111')/settings#fragment"}
{"Time":"2026-10-01T08:55:43.681423164+09:00","Action":"output","Package":"github.com/deploymenttheory/terraform-provider-microsoft365","Test":"TestPatchUnadmittedContinuationNeverSent/https://graph.microsoft.com/beta/deviceManagement/configurationPolicies('11111111-1111-1111-1111-111111111111')/settings#fragment","Output":"=== RUN   TestPatchUnadmittedContinuationNeverSent/https://graph.microsoft.com/beta/deviceManagement/configurationPolicies('11111111-1111-1111-1111-111111111111')/settings#fragment\n"}
{"Time":"2026-10-01T08:55:43.681489594+09:00","Action":"output","Package":"github.com/deploymenttheory/terraform-provider-microsoft365","Test":"TestPatchUnadmittedContinuationNeverSent/https://graph.microsoft.com/beta/deviceManagement/configurationPolicies('11111111-1111-1111-1111-111111111111')/settings#fragment","Output":"    patch_contract_test.go:60: \"{\\\"value\\\":[{\\\"id\\\":\\\"0\\\"}]}\" [https://graph.microsoft.com/beta/deviceManagement/configurationPolicies('11111111-1111-1111-1111-111111111111')/settings https://graph.microsoft.com/beta/deviceManagement/configurationPolicies('11111111-1111-1111-1111-111111111111')/settings#fragment] \u003cnil\u003e\n"}
{"Time":"2026-10-01T08:55:43.681494261+09:00","Action":"output","Package":"github.com/deploymenttheory/terraform-provider-microsoft365","Test":"TestPatchUnadmittedContinuationNeverSent/https://graph.microsoft.com/beta/deviceManagement/configurationPolicies('11111111-1111-1111-1111-111111111111')/settings#fragment","Output":"--- FAIL: TestPatchUnadmittedContinuationNeverSent/https://graph.microsoft.com/beta/deviceManagement/configurationPolicies('11111111-1111-1111-1111-111111111111')/settings#fragment (0.00s)\n"}
{"Time":"2026-10-01T08:55:43.681498177+09:00","Action":"fail","Package":"github.com/deploymenttheory/terraform-provider-microsoft365","Test":"TestPatchUnadmittedContinuationNeverSent/https://graph.microsoft.com/beta/deviceManagement/configurationPolicies('11111111-1111-1111-1111-111111111111')/settings#fragment","Elapsed":0}
{"Time":"2026-10-01T08:55:43.68150044+09:00","Action":"run","Package":"github.com/deploymenttheory/terraform-provider-microsoft365","Test":"TestPatchUnadmittedContinuationNeverSent/https://user:pass@graph.microsoft.com/beta/x"}
{"Time":"2026-10-01T08:55:43.681502443+09:00","Action":"output","Package":"github.com/deploymenttheory/terraform-provider-microsoft365","Test":"TestPatchUnadmittedContinuationNeverSent/https://user:pass@graph.microsoft.com/beta/x","Output":"=== RUN   TestPatchUnadmittedContinuationNeverSent/https://user:pass@graph.microsoft.com/beta/x\n"}
{"Time":"2026-10-01T08:55:43.681576415+09:00","Action":"output","Package":"github.com/deploymenttheory/terraform-provider-microsoft365","Test":"TestPatchUnadmittedContinuationNeverSent/https://user:pass@graph.microsoft.com/beta/x","Output":"    patch_contract_test.go:60: \"{\\\"value\\\":[{\\\"id\\\":\\\"0\\\"}]}\" [https://graph.microsoft.com/beta/deviceManagement/configurationPolicies('11111111-1111-1111-1111-111111111111')/settings https://user:pass@graph.microsoft.com/beta/x] \u003cnil\u003e\n"}
{"Time":"2026-10-01T08:55:43.68157953+09:00","Action":"output","Package":"github.com/deploymenttheory/terraform-provider-microsoft365","Test":"TestPatchUnadmittedContinuationNeverSent/https://user:pass@graph.microsoft.com/beta/x","Output":"--- FAIL: TestPatchUnadmittedContinuationNeverSent/https://user:pass@graph.microsoft.com/beta/x (0.00s)\n"}
{"Time":"2026-10-01T08:55:43.681582925+09:00","Action":"fail","Package":"github.com/deploymenttheory/terraform-provider-microsoft365","Test":"TestPatchUnadmittedContinuationNeverSent/https://user:pass@graph.microsoft.com/beta/x","Elapsed":0}
{"Time":"2026-10-01T08:55:43.681584797+09:00","Action":"run","Package":"github.com/deploymenttheory/terraform-provider-microsoft365","Test":"TestPatchUnadmittedContinuationNeverSent/https://graph.microsoft.com:444/beta/x"}
{"Time":"2026-10-01T08:55:43.681587211+09:00","Action":"output","Package":"github.com/deploymenttheory/terraform-provider-microsoft365","Test":"TestPatchUnadmittedContinuationNeverSent/https://graph.microsoft.com:444/beta/x","Output":"=== RUN   TestPatchUnadmittedContinuationNeverSent/https://graph.microsoft.com:444/beta/x\n"}
{"Time":"2026-10-01T08:55:43.681873392+09:00","Action":"output","Package":"github.com/deploymenttheory/terraform-provider-microsoft365","Test":"TestPatchUnadmittedContinuationNeverSent/https://graph.microsoft.com:444/beta/x","Output":"    patch_contract_test.go:60: \"{\\\"value\\\":[{\\\"id\\\":\\\"0\\\"}]}\" [https://graph.microsoft.com/beta/deviceManagement/configurationPolicies('11111111-1111-1111-1111-111111111111')/settings https://graph.microsoft.com:444/beta/x] \u003cnil\u003e\n"}
{"Time":"2026-10-01T08:55:43.681878459+09:00","Action":"output","Package":"github.com/deploymenttheory/terraform-provider-microsoft365","Test":"TestPatchUnadmittedContinuationNeverSent/https://graph.microsoft.com:444/beta/x","Output":"--- FAIL: TestPatchUnadmittedContinuationNeverSent/https://graph.microsoft.com:444/beta/x (0.00s)\n"}
{"Time":"2026-10-01T08:55:43.681972561+09:00","Action":"fail","Package":"github.com/deploymenttheory/terraform-provider-microsoft365","Test":"TestPatchUnadmittedContinuationNeverSent/https://graph.microsoft.com:444/beta/x","Elapsed":0}
{"Time":"2026-10-01T08:55:43.681977699+09:00","Action":"run","Package":"github.com/deploymenttheory/terraform-provider-microsoft365","Test":"TestPatchUnadmittedContinuationNeverSent//relative/next"}
{"Time":"2026-10-01T08:55:43.681979682+09:00","Action":"output","Package":"github.com/deploymenttheory/terraform-provider-microsoft365","Test":"TestPatchUnadmittedContinuationNeverSent//relative/next","Output":"=== RUN   TestPatchUnadmittedContinuationNeverSent//relative/next\n"}
{"Time":"2026-10-01T08:55:43.682066753+09:00","Action":"output","Package":"github.com/deploymenttheory/terraform-provider-microsoft365","Test":"TestPatchUnadmittedContinuationNeverSent//relative/next","Output":"    patch_contract_test.go:60: \"{\\\"value\\\":[{\\\"id\\\":\\\"0\\\"}]}\" [https://graph.microsoft.com/beta/deviceManagement/configurationPolicies('11111111-1111-1111-1111-111111111111')/settings /relative/next] \u003cnil\u003e\n"}
{"Time":"2026-10-01T08:55:43.682069637+09:00","Action":"output","Package":"github.com/deploymenttheory/terraform-provider-microsoft365","Test":"TestPatchUnadmittedContinuationNeverSent//relative/next","Output":"--- FAIL: TestPatchUnadmittedContinuationNeverSent//relative/next (0.00s)\n"}
{"Time":"2026-10-01T08:55:43.68240355+09:00","Action":"fail","Package":"github.com/deploymenttheory/terraform-provider-microsoft365","Test":"TestPatchUnadmittedContinuationNeverSent//relative/next","Elapsed":0}
{"Time":"2026-10-01T08:55:43.682407125+09:00","Action":"output","Package":"github.com/deploymenttheory/terraform-provider-microsoft365","Test":"TestPatchUnadmittedContinuationNeverSent","Output":"--- FAIL: TestPatchUnadmittedContinuationNeverSent (0.00s)\n"}
{"Time":"2026-10-01T08:55:43.682409078+09:00","Action":"fail","Package":"github.com/deploymenttheory/terraform-provider-microsoft365","Test":"TestPatchUnadmittedContinuationNeverSent","Elapsed":0}
{"Time":"2026-10-01T08:55:43.682411031+09:00","Action":"run","Package":"github.com/deploymenttheory/terraform-provider-microsoft365","Test":"TestPatchRepeatedContinuationRejected"}
{"Time":"2026-10-01T08:55:43.682412694+09:00","Action":"output","Package":"github.com/deploymenttheory/terraform-provider-microsoft365","Test":"TestPatchRepeatedContinuationRejected","Output":"=== RUN   TestPatchRepeatedContinuationRejected\n"}
{"Time":"2026-10-01T08:55:43.68253643+09:00","Action":"output","Package":"github.com/deploymenttheory/terraform-provider-microsoft365","Test":"TestPatchRepeatedContinuationRejected","Output":"    patch_contract_test.go:69: \"\" [https://graph.microsoft.com/beta/deviceManagement/configurationPolicies('11111111-1111-1111-1111-111111111111')/settings https://graph.microsoft.com/beta/deviceManagement/configurationPolicies('11111111-1111-1111-1111-111111111111')/settings?$skiptoken=loop https://graph.microsoft.com/beta/deviceManagement/configurationPolicies('11111111-1111-1111-1111-111111111111')/settings?$skiptoken=loop] Get \"https://graph.microsoft.com/beta/deviceManagement/configurationPolicies('11111111-1111-1111-1111-111111111111')/settings?$skiptoken=loop\": fixture guard\n"}
{"Time":"2026-10-01T08:55:43.682540005+09:00","Action":"output","Package":"github.com/deploymenttheory/terraform-provider-microsoft365","Test":"TestPatchRepeatedContinuationRejected","Output":"--- FAIL: TestPatchRepeatedContinuationRejected (0.00s)\n"}
{"Time":"2026-10-01T08:55:43.682542038+09:00","Action":"fail","Package":"github.com/deploymenttheory/terraform-provider-microsoft365","Test":"TestPatchRepeatedContinuationRejected","Elapsed":0}
{"Time":"2026-10-01T08:55:43.682544011+09:00","Action":"run","Package":"github.com/deploymenttheory/terraform-provider-microsoft365","Test":"TestPatchMalformedPagesRejected"}
{"Time":"2026-10-01T08:55:43.682545504+09:00","Action":"output","Package":"github.com/deploymenttheory/terraform-provider-microsoft365","Test":"TestPatchMalformedPagesRejected","Output":"=== RUN   TestPatchMalformedPagesRejected\n"}
{"Time":"2026-10-01T08:55:43.682547747+09:00","Action":"run","Package":"github.com/deploymenttheory/terraform-provider-microsoft365","Test":"TestPatchMalformedPagesRejected/not-json"}
{"Time":"2026-10-01T08:55:43.682552484+09:00","Action":"output","Package":"github.com/deploymenttheory/terraform-provider-microsoft365","Test":"TestPatchMalformedPagesRejected/not-json","Output":"=== RUN   TestPatchMalformedPagesRejected/not-json\n"}
{"Time":"2026-10-01T08:55:43.682593165+09:00","Action":"output","Package":"github.com/deploymenttheory/terraform-provider-microsoft365","Test":"TestPatchMalformedPagesRejected/not-json","Output":"    patch_contract_test.go:77: \"not-json\" \u003cnil\u003e\n"}
{"Time":"2026-10-01T08:55:43.68259642+09:00","Action":"output","Package":"github.com/deploymenttheory/terraform-provider-microsoft365","Test":"TestPatchMalformedPagesRejected/not-json","Output":"--- FAIL: TestPatchMalformedPagesRejected/not-json (0.00s)\n"}
{"Time":"2026-10-01T08:55:43.682598964+09:00","Action":"fail","Package":"github.com/deploymenttheory/terraform-provider-microsoft365","Test":"TestPatchMalformedPagesRejected/not-json","Elapsed":0}
{"Time":"2026-10-01T08:55:43.682627898+09:00","Action":"run","Package":"github.com/deploymenttheory/terraform-provider-microsoft365","Test":"TestPatchMalformedPagesRejected/null"}
{"Time":"2026-10-01T08:55:43.68262953+09:00","Action":"output","Package":"github.com/deploymenttheory/terraform-provider-microsoft365","Test":"TestPatchMalformedPagesRejected/null","Output":"=== RUN   TestPatchMalformedPagesRejected/null\n"}
{"Time":"2026-10-01T08:55:43.682680527+09:00","Action":"output","Package":"github.com/deploymenttheory/terraform-provider-microsoft365","Test":"TestPatchMalformedPagesRejected/null","Output":"    patch_contract_test.go:77: \"null\" \u003cnil\u003e\n"}
{"Time":"2026-10-01T08:55:43.682683001+09:00","Action":"output","Package":"github.com/deploymenttheory/terraform-provider-microsoft365","Test":"TestPatchMalformedPagesRejected/null","Output":"--- FAIL: TestPatchMalformedPagesRejected/null (0.00s)\n"}
{"Time":"2026-10-01T08:55:43.682684873+09:00","Action":"fail","Package":"github.com/deploymenttheory/terraform-provider-microsoft365","Test":"TestPatchMalformedPagesRejected/null","Elapsed":0}
{"Time":"2026-10-01T08:55:43.682687407+09:00","Action":"run","Package":"github.com/deploymenttheory/terraform-provider-microsoft365","Test":"TestPatchMalformedPagesRejected/[]"}
{"Time":"2026-10-01T08:55:43.68268906+09:00","Action":"output","Package":"github.com/deploymenttheory/terraform-provider-microsoft365","Test":"TestPatchMalformedPagesRejected/[]","Output":"=== RUN   TestPatchMalformedPagesRejected/[]\n"}
{"Time":"2026-10-01T08:55:43.682731914+09:00","Action":"output","Package":"github.com/deploymenttheory/terraform-provider-microsoft365","Test":"TestPatchMalformedPagesRejected/[]","Output":"    patch_contract_test.go:77: \"[]\" \u003cnil\u003e\n"}
{"Time":"2026-10-01T08:55:43.682734899+09:00","Action":"output","Package":"github.com/deploymenttheory/terraform-provider-microsoft365","Test":"TestPatchMalformedPagesRejected/[]","Output":"--- FAIL: TestPatchMalformedPagesRejected/[] (0.00s)\n"}
{"Time":"2026-10-01T08:55:43.682736791+09:00","Action":"fail","Package":"github.com/deploymenttheory/terraform-provider-microsoft365","Test":"TestPatchMalformedPagesRejected/[]","Elapsed":0}
{"Time":"2026-10-01T08:55:43.682738764+09:00","Action":"run","Package":"github.com/deploymenttheory/terraform-provider-microsoft365","Test":"TestPatchMalformedPagesRejected/{\"error\":{\"code\":\"failure\"}}"}
{"Time":"2026-10-01T08:55:43.682741729+09:00","Action":"output","Package":"github.com/deploymenttheory/terraform-provider-microsoft365","Test":"TestPatchMalformedPagesRejected/{\"error\":{\"code\":\"failure\"}}","Output":"=== RUN   TestPatchMalformedPagesRejected/{\"error\":{\"code\":\"failure\"}}\n"}
{"Time":"2026-10-01T08:55:43.682791995+09:00","Action":"output","Package":"github.com/deploymenttheory/terraform-provider-microsoft365","Test":"TestPatchMalformedPagesRejected/{\"error\":{\"code\":\"failure\"}}","Output":"    patch_contract_test.go:77: \"{\\\"error\\\":{\\\"code\\\":\\\"failure\\\"}}\" \u003cnil\u003e\n"}
{"Time":"2026-10-01T08:55:43.682797483+09:00","Action":"output","Package":"github.com/deploymenttheory/terraform-provider-microsoft365","Test":"TestPatchMalformedPagesRejected/{\"error\":{\"code\":\"failure\"}}","Output":"--- FAIL: TestPatchMalformedPagesRejected/{\"error\":{\"code\":\"failure\"}} (0.00s)\n"}
{"Time":"2026-10-01T08:55:43.682799806+09:00","Action":"fail","Package":"github.com/deploymenttheory/terraform-provider-microsoft365","Test":"TestPatchMalformedPagesRejected/{\"error\":{\"code\":\"failure\"}}","Elapsed":0}
{"Time":"2026-10-01T08:55:43.68280232+09:00","Action":"run","Package":"github.com/deploymenttheory/terraform-provider-microsoft365","Test":"TestPatchMalformedPagesRejected/{\"@odata.nextLink\":\"https://graph.microsoft.com/beta/deviceManagement/configurationPolicies('11111111-1111-1111-1111-111111111111')/settings\"}"}
{"Time":"2026-10-01T08:55:43.682804624+09:00","Action":"output","Package":"github.com/deploymenttheory/terraform-provider-microsoft365","Test":"TestPatchMalformedPagesRejected/{\"@odata.nextLink\":\"https://graph.microsoft.com/beta/deviceManagement/configurationPolicies('11111111-1111-1111-1111-111111111111')/settings\"}","Output":"=== RUN   TestPatchMalformedPagesRejected/{\"@odata.nextLink\":\"https://graph.microsoft.com/beta/deviceManagement/configurationPolicies('11111111-1111-1111-1111-111111111111')/settings\"}\n"}
{"Time":"2026-10-01T08:55:43.682844534+09:00","Action":"output","Package":"github.com/deploymenttheory/terraform-provider-microsoft365","Test":"TestPatchMalformedPagesRejected/{\"@odata.nextLink\":\"https://graph.microsoft.com/beta/deviceManagement/configurationPolicies('11111111-1111-1111-1111-111111111111')/settings\"}","Output":"    patch_contract_test.go:77: \"{\\\"@odata.nextLink\\\":\\\"https://graph.microsoft.com/beta/deviceManagement/configurationPolicies('11111111-1111-1111-1111-111111111111')/settings\\\"}\" \u003cnil\u003e\n"}
{"Time":"2026-10-01T08:55:43.682850072+09:00","Action":"output","Package":"github.com/deploymenttheory/terraform-provider-microsoft365","Test":"TestPatchMalformedPagesRejected/{\"@odata.nextLink\":\"https://graph.microsoft.com/beta/deviceManagement/configurationPolicies('11111111-1111-1111-1111-111111111111')/settings\"}","Output":"--- FAIL: TestPatchMalformedPagesRejected/{\"@odata.nextLink\":\"https://graph.microsoft.com/beta/deviceManagement/configurationPolicies('11111111-1111-1111-1111-111111111111')/settings\"} (0.00s)\n"}
{"Time":"2026-10-01T08:55:43.682852225+09:00","Action":"fail","Package":"github.com/deploymenttheory/terraform-provider-microsoft365","Test":"TestPatchMalformedPagesRejected/{\"@odata.nextLink\":\"https://graph.microsoft.com/beta/deviceManagement/configurationPolicies('11111111-1111-1111-1111-111111111111')/settings\"}","Elapsed":0}
{"Time":"2026-10-01T08:55:43.682854739+09:00","Action":"run","Package":"github.com/deploymenttheory/terraform-provider-microsoft365","Test":"TestPatchMalformedPagesRejected/{\"value\":null}"}
{"Time":"2026-10-01T08:55:43.682856452+09:00","Action":"output","Package":"github.com/deploymenttheory/terraform-provider-microsoft365","Test":"TestPatchMalformedPagesRejected/{\"value\":null}","Output":"=== RUN   TestPatchMalformedPagesRejected/{\"value\":null}\n"}
{"Time":"2026-10-01T08:55:43.682903943+09:00","Action":"output","Package":"github.com/deploymenttheory/terraform-provider-microsoft365","Test":"TestPatchMalformedPagesRejected/{\"value\":null}","Output":"    patch_contract_test.go:77: \"{\\\"value\\\":null}\" \u003cnil\u003e\n"}
{"Time":"2026-10-01T08:55:43.682906537+09:00","Action":"output","Package":"github.com/deploymenttheory/terraform-provider-microsoft365","Test":"TestPatchMalformedPagesRejected/{\"value\":null}","Output":"--- FAIL: TestPatchMalformedPagesRejected/{\"value\":null} (0.00s)\n"}
{"Time":"2026-10-01T08:55:43.682914178+09:00","Action":"fail","Package":"github.com/deploymenttheory/terraform-provider-microsoft365","Test":"TestPatchMalformedPagesRejected/{\"value\":null}","Elapsed":0}
{"Time":"2026-10-01T08:55:43.682916863+09:00","Action":"run","Package":"github.com/deploymenttheory/terraform-provider-microsoft365","Test":"TestPatchMalformedPagesRejected/{\"value\":{}}"}
{"Time":"2026-10-01T08:55:43.682921109+09:00","Action":"output","Package":"github.com/deploymenttheory/terraform-provider-microsoft365","Test":"TestPatchMalformedPagesRejected/{\"value\":{}}","Output":"=== RUN   TestPatchMalformedPagesRejected/{\"value\":{}}\n"}
{"Time":"2026-10-01T08:55:43.682944394+09:00","Action":"output","Package":"github.com/deploymenttheory/terraform-provider-microsoft365","Test":"TestPatchMalformedPagesRejected/{\"value\":{}}","Output":"    patch_contract_test.go:77: \"{\\\"value\\\":{}}\" \u003cnil\u003e\n"}
{"Time":"2026-10-01T08:55:43.682947328+09:00","Action":"output","Package":"github.com/deploymenttheory/terraform-provider-microsoft365","Test":"TestPatchMalformedPagesRejected/{\"value\":{}}","Output":"--- FAIL: TestPatchMalformedPagesRejected/{\"value\":{}} (0.00s)\n"}
{"Time":"2026-10-01T08:55:43.682949682+09:00","Action":"fail","Package":"github.com/deploymenttheory/terraform-provider-microsoft365","Test":"TestPatchMalformedPagesRejected/{\"value\":{}}","Elapsed":0}
{"Time":"2026-10-01T08:55:43.68296137+09:00","Action":"run","Package":"github.com/deploymenttheory/terraform-provider-microsoft365","Test":"TestPatchMalformedPagesRejected/{\"value\":[],\"@odata.nextLink\":true}"}
{"Time":"2026-10-01T08:55:43.682963122+09:00","Action":"output","Package":"github.com/deploymenttheory/terraform-provider-microsoft365","Test":"TestPatchMalformedPagesRejected/{\"value\":[],\"@odata.nextLink\":true}","Output":"=== RUN   TestPatchMalformedPagesRejected/{\"value\":[],\"@odata.nextLink\":true}\n"}
{"Time":"2026-10-01T08:55:43.683014079+09:00","Action":"output","Package":"github.com/deploymenttheory/terraform-provider-microsoft365","Test":"TestPatchMalformedPagesRejected/{\"value\":[],\"@odata.nextLink\":true}","Output":"    patch_contract_test.go:77: \"{\\\"value\\\":[],\\\"@odata.nextLink\\\":true}\" \u003cnil\u003e\n"}
{"Time":"2026-10-01T08:55:43.683018045+09:00","Action":"output","Package":"github.com/deploymenttheory/terraform-provider-microsoft365","Test":"TestPatchMalformedPagesRejected/{\"value\":[],\"@odata.nextLink\":true}","Output":"--- FAIL: TestPatchMalformedPagesRejected/{\"value\":[],\"@odata.nextLink\":true} (0.00s)\n"}
{"Time":"2026-10-01T08:55:43.683020438+09:00","Action":"fail","Package":"github.com/deploymenttheory/terraform-provider-microsoft365","Test":"TestPatchMalformedPagesRejected/{\"value\":[],\"@odata.nextLink\":true}","Elapsed":0}
{"Time":"2026-10-01T08:55:43.683023543+09:00","Action":"run","Package":"github.com/deploymenttheory/terraform-provider-microsoft365","Test":"TestPatchMalformedPagesRejected/{\"value\":[],\"@odata.nextLink\":null}"}
{"Time":"2026-10-01T08:55:43.683027159+09:00","Action":"output","Package":"github.com/deploymenttheory/terraform-provider-microsoft365","Test":"TestPatchMalformedPagesRejected/{\"value\":[],\"@odata.nextLink\":null}","Output":"=== RUN   TestPatchMalformedPagesRejected/{\"value\":[],\"@odata.nextLink\":null}\n"}
{"Time":"2026-10-01T08:55:43.68308108+09:00","Action":"output","Package":"github.com/deploymenttheory/terraform-provider-microsoft365","Test":"TestPatchMalformedPagesRejected/{\"value\":[],\"@odata.nextLink\":null}","Output":"    patch_contract_test.go:77: \"{\\\"value\\\":[],\\\"@odata.nextLink\\\":null}\" \u003cnil\u003e\n"}
{"Time":"2026-10-01T08:55:43.683084074+09:00","Action":"output","Package":"github.com/deploymenttheory/terraform-provider-microsoft365","Test":"TestPatchMalformedPagesRejected/{\"value\":[],\"@odata.nextLink\":null}","Output":"--- FAIL: TestPatchMalformedPagesRejected/{\"value\":[],\"@odata.nextLink\":null} (0.00s)\n"}
{"Time":"2026-10-01T08:55:43.683086608+09:00","Action":"fail","Package":"github.com/deploymenttheory/terraform-provider-microsoft365","Test":"TestPatchMalformedPagesRejected/{\"value\":[],\"@odata.nextLink\":null}","Elapsed":0}
{"Time":"2026-10-01T08:55:43.683088691+09:00","Action":"output","Package":"github.com/deploymenttheory/terraform-provider-microsoft365","Test":"TestPatchMalformedPagesRejected","Output":"--- FAIL: TestPatchMalformedPagesRejected (0.00s)\n"}
{"Time":"2026-10-01T08:55:43.683094169+09:00","Action":"fail","Package":"github.com/deploymenttheory/terraform-provider-microsoft365","Test":"TestPatchMalformedPagesRejected","Elapsed":0}
{"Time":"2026-10-01T08:55:43.683096383+09:00","Action":"run","Package":"github.com/deploymenttheory/terraform-provider-microsoft365","Test":"TestPatchMalformedLaterPageRejected"}
{"Time":"2026-10-01T08:55:43.683097855+09:00","Action":"output","Package":"github.com/deploymenttheory/terraform-provider-microsoft365","Test":"TestPatchMalformedLaterPageRejected","Output":"=== RUN   TestPatchMalformedLaterPageRejected\n"}
{"Time":"2026-10-01T08:55:43.683161351+09:00","Action":"output","Package":"github.com/deploymenttheory/terraform-provider-microsoft365","Test":"TestPatchMalformedLaterPageRejected","Output":"    patch_contract_test.go:85: \"{\\\"value\\\":[{\\\"id\\\":\\\"0\\\"}]}\" [https://graph.microsoft.com/beta/deviceManagement/configurationPolicies('11111111-1111-1111-1111-111111111111')/settings https://graph.microsoft.com/beta/deviceManagement/configurationPolicies('11111111-1111-1111-1111-111111111111')/settings?$skiptoken=one] \u003cnil\u003e\n"}
{"Time":"2026-10-01T08:55:43.683164746+09:00","Action":"output","Package":"github.com/deploymenttheory/terraform-provider-microsoft365","Test":"TestPatchMalformedLaterPageRejected","Output":"--- FAIL: TestPatchMalformedLaterPageRejected (0.00s)\n"}
{"Time":"2026-10-01T08:55:43.683168031+09:00","Action":"fail","Package":"github.com/deploymenttheory/terraform-provider-microsoft365","Test":"TestPatchMalformedLaterPageRejected","Elapsed":0}
{"Time":"2026-10-01T08:55:43.683170374+09:00","Action":"run","Package":"github.com/deploymenttheory/terraform-provider-microsoft365","Test":"TestPatchMaxPagesStopsBefore129"}
{"Time":"2026-10-01T08:55:43.683171856+09:00","Action":"output","Package":"github.com/deploymenttheory/terraform-provider-microsoft365","Test":"TestPatchMaxPagesStopsBefore129","Output":"=== RUN   TestPatchMaxPagesStopsBefore129\n"}
{"Time":"2026-10-01T08:55:43.686288318+09:00","Action":"output","Package":"github.com/deploymenttheory/terraform-provider-microsoft365","Test":"TestPatchMaxPagesStopsBefore129","Output":"    patch_contract_test.go:96: body=0 requests=130 error=Get \"https://graph.microsoft.com/beta/deviceManagement/configurationPolicies('11111111-1111-1111-1111-111111111111')/settings?$skiptoken=xxxxxxxxxxxxxxxxxxxxxxxxxxxxxxxxxxxxxxxxxxxxxxxxxxxxxxxxxxxxxxxxxxxxxxxxxxxxxxxxxxxxxxxxxxxxxxxxxxxxxxxxxxxxxxxxxxxxxxxxxxxxxxxxx\": fixture exhausted; no network transport exists\n"}
{"Time":"2026-10-01T08:55:43.686300636+09:00","Action":"output","Package":"github.com/deploymenttheory/terraform-provider-microsoft365","Test":"TestPatchMaxPagesStopsBefore129","Output":"--- FAIL: TestPatchMaxPagesStopsBefore129 (0.00s)\n"}
{"Time":"2026-10-01T08:55:43.68630352+09:00","Action":"fail","Package":"github.com/deploymenttheory/terraform-provider-microsoft365","Test":"TestPatchMaxPagesStopsBefore129","Elapsed":0}
{"Time":"2026-10-01T08:55:43.686305964+09:00","Action":"run","Package":"github.com/deploymenttheory/terraform-provider-microsoft365","Test":"TestPatchOversizedResponseRejected"}
{"Time":"2026-10-01T08:55:43.686307897+09:00","Action":"output","Package":"github.com/deploymenttheory/terraform-provider-microsoft365","Test":"TestPatchOversizedResponseRejected","Output":"=== RUN   TestPatchOversizedResponseRejected\n"}
{"Time":"2026-10-01T08:55:43.703800018+09:00","Action":"output","Package":"github.com/deploymenttheory/terraform-provider-microsoft365","Test":"TestPatchOversizedResponseRejected","Output":"    patch_contract_test.go:102: body=4194316 error=\u003cnil\u003e\n"}
{"Time":"2026-10-01T08:55:43.703823834+09:00","Action":"output","Package":"github.com/deploymenttheory/terraform-provider-microsoft365","Test":"TestPatchOversizedResponseRejected","Output":"--- FAIL: TestPatchOversizedResponseRejected (0.02s)\n"}
{"Time":"2026-10-01T08:55:43.703869773+09:00","Action":"fail","Package":"github.com/deploymenttheory/terraform-provider-microsoft365","Test":"TestPatchOversizedResponseRejected","Elapsed":0.02}
{"Time":"2026-10-01T08:55:43.703890214+09:00","Action":"run","Package":"github.com/deploymenttheory/terraform-provider-microsoft365","Test":"TestPatchAggregateResponseBound"}
{"Time":"2026-10-01T08:55:43.703892958+09:00","Action":"output","Package":"github.com/deploymenttheory/terraform-provider-microsoft365","Test":"TestPatchAggregateResponseBound","Output":"=== RUN   TestPatchAggregateResponseBound\n"}
{"Time":"2026-10-01T08:55:43.844127624+09:00","Action":"output","Package":"github.com/deploymenttheory/terraform-provider-microsoft365","Test":"TestPatchAggregateResponseBound","Output":"    patch_contract_test.go:114: body=0 requests=11 error=Get \"https://graph.microsoft.com/beta/deviceManagement/configurationPolicies('11111111-1111-1111-1111-111111111111')/settings?$skiptoken=xxxxxxxxxx\": fixture exhausted; no network transport exists\n"}
{"Time":"2026-10-01T08:55:43.84416468+09:00","Action":"output","Package":"github.com/deploymenttheory/terraform-provider-microsoft365","Test":"TestPatchAggregateResponseBound","Output":"--- FAIL: TestPatchAggregateResponseBound (0.14s)\n"}
{"Time":"2026-10-01T08:55:43.844168326+09:00","Action":"fail","Package":"github.com/deploymenttheory/terraform-provider-microsoft365","Test":"TestPatchAggregateResponseBound","Elapsed":0.14}
{"Time":"2026-10-01T08:55:43.844172893+09:00","Action":"run","Package":"github.com/deploymenttheory/terraform-provider-microsoft365","Test":"TestPatchRedirectNeverFollowed"}
{"Time":"2026-10-01T08:55:43.844181235+09:00","Action":"output","Package":"github.com/deploymenttheory/terraform-provider-microsoft365","Test":"TestPatchRedirectNeverFollowed","Output":"=== RUN   TestPatchRedirectNeverFollowed\n"}
{"Time":"2026-10-01T08:55:43.844479124+09:00","Action":"output","Package":"github.com/deploymenttheory/terraform-provider-microsoft365","Test":"TestPatchRedirectNeverFollowed","Output":"    patch_contract_test.go:127: body=0 requests=10 error=Get \"https://untrusted.invalid/redir\": stopped after 10 redirects\n"}
{"Time":"2026-10-01T08:55:43.844487086+09:00","Action":"output","Package":"github.com/deploymenttheory/terraform-provider-microsoft365","Test":"TestPatchRedirectNeverFollowed","Output":"--- FAIL: TestPatchRedirectNeverFollowed (0.00s)\n"}
{"Time":"2026-10-01T08:55:43.844489479+09:00","Action":"fail","Package":"github.com/deploymenttheory/terraform-provider-microsoft365","Test":"TestPatchRedirectNeverFollowed","Elapsed":0}
{"Time":"2026-10-01T08:55:43.844492243+09:00","Action":"run","Package":"github.com/deploymenttheory/terraform-provider-microsoft365","Test":"TestPatchTransportFailureRetainsUnknownOutcome"}
{"Time":"2026-10-01T08:55:43.844494146+09:00","Action":"output","Package":"github.com/deploymenttheory/terraform-provider-microsoft365","Test":"TestPatchTransportFailureRetainsUnknownOutcome","Output":"=== RUN   TestPatchTransportFailureRetainsUnknownOutcome\n"}
{"Time":"2026-10-01T08:55:43.844501527+09:00","Action":"output","Package":"github.com/deploymenttheory/terraform-provider-microsoft365","Test":"TestPatchTransportFailureRetainsUnknownOutcome","Output":"--- PASS: TestPatchTransportFailureRetainsUnknownOutcome (0.00s)\n"}
{"Time":"2026-10-01T08:55:43.844503791+09:00","Action":"pass","Package":"github.com/deploymenttheory/terraform-provider-microsoft365","Test":"TestPatchTransportFailureRetainsUnknownOutcome","Elapsed":0}
{"Time":"2026-10-01T08:55:43.844523901+09:00","Action":"output","Package":"github.com/deploymenttheory/terraform-provider-microsoft365","Output":"FAIL\n"}
{"Time":"2026-10-01T08:55:43.847036619+09:00","Action":"output","Package":"github.com/deploymenttheory/terraform-provider-microsoft365","Output":"FAIL\tgithub.com/deploymenttheory/terraform-provider-microsoft365\t0.169s\n"}
{"Time":"2026-10-01T08:55:43.847068657+09:00","Action":"fail","Package":"github.com/deploymenttheory/terraform-provider-microsoft365","Elapsed":0.17}
