{"Time":"2026-10-01T08:53:46.815287846+09:00","Action":"start","Package":"github.com/deploymenttheory/terraform-provider-microsoft365"}
{"Time":"2026-10-01T08:53:46.818047335+09:00","Action":"run","Package":"github.com/deploymenttheory/terraform-provider-microsoft365","Test":"TestValidatorAcceptsCorrectedConfiguration"}
{"Time":"2026-10-01T08:53:46.818071601+09:00","Action":"output","Package":"github.com/deploymenttheory/terraform-provider-microsoft365","Test":"TestValidatorAcceptsCorrectedConfiguration","Output":"=== RUN   TestValidatorAcceptsCorrectedConfiguration\n"}
{"Time":"2026-10-01T08:53:46.818138632+09:00","Action":"output","Package":"github.com/deploymenttheory/terraform-provider-microsoft365","Test":"TestValidatorAcceptsCorrectedConfiguration","Output":"--- PASS: TestValidatorAcceptsCorrectedConfiguration (0.00s)\n"}
{"Time":"2026-10-01T08:53:46.818144351+09:00","Action":"pass","Package":"github.com/deploymenttheory/terraform-provider-microsoft365","Test":"TestValidatorAcceptsCorrectedConfiguration","Elapsed":0}
{"Time":"2026-10-01T08:53:46.818151011+09:00","Action":"run","Package":"github.com/deploymenttheory/terraform-provider-microsoft365","Test":"TestValidatorRejectsResponseWrapper"}
{"Time":"2026-10-01T08:53:46.818152833+09:00","Action":"output","Package":"github.com/deploymenttheory/terraform-provider-microsoft365","Test":"TestValidatorRejectsResponseWrapper","Output":"=== RUN   TestValidatorRejectsResponseWrapper\n"}
{"Time":"2026-10-01T08:53:46.818228547+09:00","Action":"output","Package":"github.com/deploymenttheory/terraform-provider-microsoft365","Test":"TestValidatorRejectsResponseWrapper","Output":"--- PASS: TestValidatorRejectsResponseWrapper (0.00s)\n"}
{"Time":"2026-10-01T08:53:46.818230971+09:00","Action":"pass","Package":"github.com/deploymenttheory/terraform-provider-microsoft365","Test":"TestValidatorRejectsResponseWrapper","Elapsed":0}
{"Time":"2026-10-01T08:53:46.818232954+09:00","Action":"run","Package":"github.com/deploymenttheory/terraform-provider-microsoft365","Test":"TestKnownHazardValidatorAcceptsNonzeroFirstID"}
{"Time":"2026-10-01T08:53:46.818234927+09:00","Action":"output","Package":"github.com/deploymenttheory/terraform-provider-microsoft365","Test":"TestKnownHazardValidatorAcceptsNonzeroFirstID","Output":"=== RUN   TestKnownHazardValidatorAcceptsNonzeroFirstID\n"}
{"Time":"2026-10-01T08:53:46.818280636+09:00","Action":"output","Package":"github.com/deploymenttheory/terraform-provider-microsoft365","Test":"TestKnownHazardValidatorAcceptsNonzeroFirstID","Output":"--- PASS: TestKnownHazardValidatorAcceptsNonzeroFirstID (0.00s)\n"}
{"Time":"2026-10-01T08:53:46.818282979+09:00","Action":"pass","Package":"github.com/deploymenttheory/terraform-provider-microsoft365","Test":"TestKnownHazardValidatorAcceptsNonzeroFirstID","Elapsed":0}
{"Time":"2026-10-01T08:53:46.818285333+09:00","Action":"run","Package":"github.com/deploymenttheory/terraform-provider-microsoft365","Test":"TestValidatorRejectsMissingID"}
{"Time":"2026-10-01T08:53:46.818287286+09:00","Action":"output","Package":"github.com/deploymenttheory/terraform-provider-microsoft365","Test":"TestValidatorRejectsMissingID","Output":"=== RUN   TestValidatorRejectsMissingID\n"}
{"Time":"2026-10-01T08:53:46.818323871+09:00","Action":"output","Package":"github.com/deploymenttheory/terraform-provider-microsoft365","Test":"TestValidatorRejectsMissingID","Output":"--- PASS: TestValidatorRejectsMissingID (0.00s)\n"}
{"Time":"2026-10-01T08:53:46.818326204+09:00","Action":"pass","Package":"github.com/deploymenttheory/terraform-provider-microsoft365","Test":"TestValidatorRejectsMissingID","Elapsed":0}
{"Time":"2026-10-01T08:53:46.818329159+09:00","Action":"run","Package":"github.com/deploymenttheory/terraform-provider-microsoft365","Test":"TestValidatorRejectsNonSequentialIDs"}
{"Time":"2026-10-01T08:53:46.818330761+09:00","Action":"output","Package":"github.com/deploymenttheory/terraform-provider-microsoft365","Test":"TestValidatorRejectsNonSequentialIDs","Output":"=== RUN   TestValidatorRejectsNonSequentialIDs\n"}
{"Time":"2026-10-01T08:53:46.818433947+09:00","Action":"output","Package":"github.com/deploymenttheory/terraform-provider-microsoft365","Test":"TestValidatorRejectsNonSequentialIDs","Output":"--- PASS: TestValidatorRejectsNonSequentialIDs (0.00s)\n"}
{"Time":"2026-10-01T08:53:46.8184429+09:00","Action":"pass","Package":"github.com/deploymenttheory/terraform-provider-microsoft365","Test":"TestValidatorRejectsNonSequentialIDs","Elapsed":0}
{"Time":"2026-10-01T08:53:46.818444973+09:00","Action":"run","Package":"github.com/deploymenttheory/terraform-provider-microsoft365","Test":"TestKnownHazardValidatorAcceptsNullInstance"}
{"Time":"2026-10-01T08:53:46.818446556+09:00","Action":"output","Package":"github.com/deploymenttheory/terraform-provider-microsoft365","Test":"TestKnownHazardValidatorAcceptsNullInstance","Output":"=== RUN   TestKnownHazardValidatorAcceptsNullInstance\n"}
{"Time":"2026-10-01T08:53:46.81844928+09:00","Action":"output","Package":"github.com/deploymenttheory/terraform-provider-microsoft365","Test":"TestKnownHazardValidatorAcceptsNullInstance","Output":"--- PASS: TestKnownHazardValidatorAcceptsNullInstance (0.00s)\n"}
{"Time":"2026-10-01T08:53:46.818451233+09:00","Action":"pass","Package":"github.com/deploymenttheory/terraform-provider-microsoft365","Test":"TestKnownHazardValidatorAcceptsNullInstance","Elapsed":0}
{"Time":"2026-10-01T08:53:46.818453396+09:00","Action":"run","Package":"github.com/deploymenttheory/terraform-provider-microsoft365","Test":"TestStateRetainsResponseWrapper"}
{"Time":"2026-10-01T08:53:46.818455078+09:00","Action":"output","Package":"github.com/deploymenttheory/terraform-provider-microsoft365","Test":"TestStateRetainsResponseWrapper","Output":"=== RUN   TestStateRetainsResponseWrapper\n"}
{"Time":"2026-10-01T08:53:46.81850278+09:00","Action":"output","Package":"github.com/deploymenttheory/terraform-provider-microsoft365","Test":"TestStateRetainsResponseWrapper","Output":"--- PASS: TestStateRetainsResponseWrapper (0.00s)\n"}
{"Time":"2026-10-01T08:53:46.818504843+09:00","Action":"pass","Package":"github.com/deploymenttheory/terraform-provider-microsoft365","Test":"TestStateRetainsResponseWrapper","Elapsed":0}
{"Time":"2026-10-01T08:53:46.818506987+09:00","Action":"run","Package":"github.com/deploymenttheory/terraform-provider-microsoft365","Test":"TestKnownHazardMalformedResponseRetainsOldState"}
{"Time":"2026-10-01T08:53:46.818510342+09:00","Action":"output","Package":"github.com/deploymenttheory/terraform-provider-microsoft365","Test":"TestKnownHazardMalformedResponseRetainsOldState","Output":"=== RUN   TestKnownHazardMalformedResponseRetainsOldState\n"}
{"Time":"2026-10-01T08:53:46.818531744+09:00","Action":"output","Package":"github.com/deploymenttheory/terraform-provider-microsoft365","Test":"TestKnownHazardMalformedResponseRetainsOldState","Output":"--- PASS: TestKnownHazardMalformedResponseRetainsOldState (0.00s)\n"}
{"Time":"2026-10-01T08:53:46.818533827+09:00","Action":"pass","Package":"github.com/deploymenttheory/terraform-provider-microsoft365","Test":"TestKnownHazardMalformedResponseRetainsOldState","Elapsed":0}
{"Time":"2026-10-01T08:53:46.818535469+09:00","Action":"run","Package":"github.com/deploymenttheory/terraform-provider-microsoft365","Test":"TestKnownHazardErrorBodyMappedAsSettings"}
{"Time":"2026-10-01T08:53:46.818536982+09:00","Action":"output","Package":"github.com/deploymenttheory/terraform-provider-microsoft365","Test":"TestKnownHazardErrorBodyMappedAsSettings","Output":"=== RUN   TestKnownHazardErrorBodyMappedAsSettings\n"}
{"Time":"2026-10-01T08:53:46.818567828+09:00","Action":"output","Package":"github.com/deploymenttheory/terraform-provider-microsoft365","Test":"TestKnownHazardErrorBodyMappedAsSettings","Output":"--- PASS: TestKnownHazardErrorBodyMappedAsSettings (0.00s)\n"}
{"Time":"2026-10-01T08:53:46.818569921+09:00","Action":"pass","Package":"github.com/deploymenttheory/terraform-provider-microsoft365","Test":"TestKnownHazardErrorBodyMappedAsSettings","Elapsed":0}
{"Time":"2026-10-01T08:53:46.818573837+09:00","Action":"run","Package":"github.com/deploymenttheory/terraform-provider-microsoft365","Test":"TestNormalizerPreservesOrder"}
{"Time":"2026-10-01T08:53:46.818577022+09:00","Action":"output","Package":"github.com/deploymenttheory/terraform-provider-microsoft365","Test":"TestNormalizerPreservesOrder","Output":"=== RUN   TestNormalizerPreservesOrder\n"}
{"Time":"2026-10-01T08:53:46.818604664+09:00","Action":"output","Package":"github.com/deploymenttheory/terraform-provider-microsoft365","Test":"TestNormalizerPreservesOrder","Output":"--- PASS: TestNormalizerPreservesOrder (0.00s)\n"}
{"Time":"2026-10-01T08:53:46.818620678+09:00","Action":"pass","Package":"github.com/deploymenttheory/terraform-provider-microsoft365","Test":"TestNormalizerPreservesOrder","Elapsed":0}
{"Time":"2026-10-01T08:53:46.818639586+09:00","Action":"run","Package":"github.com/deploymenttheory/terraform-provider-microsoft365","Test":"TestNormalizerDistinguishesNullOmittedEmpty"}
{"Time":"2026-10-01T08:53:46.818641479+09:00","Action":"output","Package":"github.com/deploymenttheory/terraform-provider-microsoft365","Test":"TestNormalizerDistinguishesNullOmittedEmpty","Output":"=== RUN   TestNormalizerDistinguishesNullOmittedEmpty\n"}
{"Time":"2026-10-01T08:53:46.818660187+09:00","Action":"output","Package":"github.com/deploymenttheory/terraform-provider-microsoft365","Test":"TestNormalizerDistinguishesNullOmittedEmpty","Output":"--- PASS: TestNormalizerDistinguishesNullOmittedEmpty (0.00s)\n"}
{"Time":"2026-10-01T08:53:46.8186622+09:00","Action":"pass","Package":"github.com/deploymenttheory/terraform-provider-microsoft365","Test":"TestNormalizerDistinguishesNullOmittedEmpty","Elapsed":0}
{"Time":"2026-10-01T08:53:46.818664384+09:00","Action":"run","Package":"github.com/deploymenttheory/terraform-provider-microsoft365","Test":"TestPlanModifierDoesNotReconcileResponseShape"}
{"Time":"2026-10-01T08:53:46.818666076+09:00","Action":"output","Package":"github.com/deploymenttheory/terraform-provider-microsoft365","Test":"TestPlanModifierDoesNotReconcileResponseShape","Output":"=== RUN   TestPlanModifierDoesNotReconcileResponseShape\n"}
{"Time":"2026-10-01T08:53:46.818715911+09:00","Action":"output","Package":"github.com/deploymenttheory/terraform-provider-microsoft365","Test":"TestPlanModifierDoesNotReconcileResponseShape","Output":"--- PASS: TestPlanModifierDoesNotReconcileResponseShape (0.00s)\n"}
{"Time":"2026-10-01T08:53:46.818717814+09:00","Action":"pass","Package":"github.com/deploymenttheory/terraform-provider-microsoft365","Test":"TestPlanModifierDoesNotReconcileResponseShape","Elapsed":0}
{"Time":"2026-10-01T08:53:46.818720107+09:00","Action":"run","Package":"github.com/deploymenttheory/terraform-provider-microsoft365","Test":"TestSettingsPaginationUsesFullNextLink"}
{"Time":"2026-10-01T08:53:46.81872188+09:00","Action":"output","Package":"github.com/deploymenttheory/terraform-provider-microsoft365","Test":"TestSettingsPaginationUsesFullNextLink","Output":"=== RUN   TestSettingsPaginationUsesFullNextLink\n"}
{"Time":"2026-10-01T08:53:46.818864004+09:00","Action":"output","Package":"github.com/deploymenttheory/terraform-provider-microsoft365","Test":"TestSettingsPaginationUsesFullNextLink","Output":"--- PASS: TestSettingsPaginationUsesFullNextLink (0.00s)\n"}
{"Time":"2026-10-01T08:53:46.818867379+09:00","Action":"pass","Package":"github.com/deploymenttheory/terraform-provider-microsoft365","Test":"TestSettingsPaginationUsesFullNextLink","Elapsed":0}
{"Time":"2026-10-01T08:53:46.818869232+09:00","Action":"run","Package":"github.com/deploymenttheory/terraform-provider-microsoft365","Test":"TestKnownHazardFirstHTTP403ReturnsNoError"}
{"Time":"2026-10-01T08:53:46.818874941+09:00","Action":"output","Package":"github.com/deploymenttheory/terraform-provider-microsoft365","Test":"TestKnownHazardFirstHTTP403ReturnsNoError","Output":"=== RUN   TestKnownHazardFirstHTTP403ReturnsNoError\n"}
{"Time":"2026-10-01T08:53:46.818904405+09:00","Action":"output","Package":"github.com/deploymenttheory/terraform-provider-microsoft365","Test":"TestKnownHazardFirstHTTP403ReturnsNoError","Output":"--- PASS: TestKnownHazardFirstHTTP403ReturnsNoError (0.00s)\n"}
{"Time":"2026-10-01T08:53:46.818908721+09:00","Action":"pass","Package":"github.com/deploymenttheory/terraform-provider-microsoft365","Test":"TestKnownHazardFirstHTTP403ReturnsNoError","Elapsed":0}
{"Time":"2026-10-01T08:53:46.818911245+09:00","Action":"run","Package":"github.com/deploymenttheory/terraform-provider-microsoft365","Test":"TestKnownHazardLaterHTTP403SilentlyTruncates"}
{"Time":"2026-10-01T08:53:46.818913068+09:00","Action":"output","Package":"github.com/deploymenttheory/terraform-provider-microsoft365","Test":"TestKnownHazardLaterHTTP403SilentlyTruncates","Output":"=== RUN   TestKnownHazardLaterHTTP403SilentlyTruncates\n"}
{"Time":"2026-10-01T08:53:46.81902728+09:00","Action":"output","Package":"github.com/deploymenttheory/terraform-provider-microsoft365","Test":"TestKnownHazardLaterHTTP403SilentlyTruncates","Output":"--- PASS: TestKnownHazardLaterHTTP403SilentlyTruncates (0.00s)\n"}
{"Time":"2026-10-01T08:53:46.819032688+09:00","Action":"pass","Package":"github.com/deploymenttheory/terraform-provider-microsoft365","Test":"TestKnownHazardLaterHTTP403SilentlyTruncates","Elapsed":0}
{"Time":"2026-10-01T08:53:46.819035162+09:00","Action":"run","Package":"github.com/deploymenttheory/terraform-provider-microsoft365","Test":"TestPaginationTransportFailurePropagates"}
{"Time":"2026-10-01T08:53:46.819036694+09:00","Action":"output","Package":"github.com/deploymenttheory/terraform-provider-microsoft365","Test":"TestPaginationTransportFailurePropagates","Output":"=== RUN   TestPaginationTransportFailurePropagates\n"}
{"Time":"2026-10-01T08:53:46.819081872+09:00","Action":"output","Package":"github.com/deploymenttheory/terraform-provider-microsoft365","Test":"TestPaginationTransportFailurePropagates","Output":"--- PASS: TestPaginationTransportFailurePropagates (0.00s)\n"}
{"Time":"2026-10-01T08:53:46.819083735+09:00","Action":"pass","Package":"github.com/deploymenttheory/terraform-provider-microsoft365","Test":"TestPaginationTransportFailurePropagates","Elapsed":0}
{"Time":"2026-10-01T08:53:46.819086128+09:00","Action":"run","Package":"github.com/deploymenttheory/terraform-provider-microsoft365","Test":"TestKnownHazardForeignNextLinkIsRequested"}
{"Time":"2026-10-01T08:53:46.819087541+09:00","Action":"output","Package":"github.com/deploymenttheory/terraform-provider-microsoft365","Test":"TestKnownHazardForeignNextLinkIsRequested","Output":"=== RUN   TestKnownHazardForeignNextLinkIsRequested\n"}
{"Time":"2026-10-01T08:53:46.81913384+09:00","Action":"output","Package":"github.com/deploymenttheory/terraform-provider-microsoft365","Test":"TestKnownHazardForeignNextLinkIsRequested","Output":"--- PASS: TestKnownHazardForeignNextLinkIsRequested (0.00s)\n"}
{"Time":"2026-10-01T08:53:46.819136014+09:00","Action":"pass","Package":"github.com/deploymenttheory/terraform-provider-microsoft365","Test":"TestKnownHazardForeignNextLinkIsRequested","Elapsed":0}
{"Time":"2026-10-01T08:53:46.819137816+09:00","Action":"run","Package":"github.com/deploymenttheory/terraform-provider-microsoft365","Test":"TestKnownHazardRepeatedNextLinkIsRetried"}
{"Time":"2026-10-01T08:53:46.819139138+09:00","Action":"output","Package":"github.com/deploymenttheory/terraform-provider-microsoft365","Test":"TestKnownHazardRepeatedNextLinkIsRetried","Output":"=== RUN   TestKnownHazardRepeatedNextLinkIsRetried\n"}
{"Time":"2026-10-01T08:53:46.819198728+09:00","Action":"output","Package":"github.com/deploymenttheory/terraform-provider-microsoft365","Test":"TestKnownHazardRepeatedNextLinkIsRetried","Output":"--- PASS: TestKnownHazardRepeatedNextLinkIsRetried (0.00s)\n"}
{"Time":"2026-10-01T08:53:46.819200631+09:00","Action":"pass","Package":"github.com/deploymenttheory/terraform-provider-microsoft365","Test":"TestKnownHazardRepeatedNextLinkIsRetried","Elapsed":0}
{"Time":"2026-10-01T08:53:46.819202854+09:00","Action":"run","Package":"github.com/deploymenttheory/terraform-provider-microsoft365","Test":"TestKnownHazardMissingValueIgnoresContinuation"}
{"Time":"2026-10-01T08:53:46.819204477+09:00","Action":"output","Package":"github.com/deploymenttheory/terraform-provider-microsoft365","Test":"TestKnownHazardMissingValueIgnoresContinuation","Output":"=== RUN   TestKnownHazardMissingValueIgnoresContinuation\n"}
{"Time":"2026-10-01T08:53:46.819331898+09:00","Action":"output","Package":"github.com/deploymenttheory/terraform-provider-microsoft365","Test":"TestKnownHazardMissingValueIgnoresContinuation","Output":"--- PASS: TestKnownHazardMissingValueIgnoresContinuation (0.00s)\n"}
{"Time":"2026-10-01T08:53:46.819379941+09:00","Action":"pass","Package":"github.com/deploymenttheory/terraform-provider-microsoft365","Test":"TestKnownHazardMissingValueIgnoresContinuation","Elapsed":0}
{"Time":"2026-10-01T08:53:46.819397968+09:00","Action":"run","Package":"github.com/deploymenttheory/terraform-provider-microsoft365","Test":"TestSDKSettingConstructorLeavesIDAndWrapperUnset"}
{"Time":"2026-10-01T08:53:46.81939969+09:00","Action":"output","Package":"github.com/deploymenttheory/terraform-provider-microsoft365","Test":"TestSDKSettingConstructorLeavesIDAndWrapperUnset","Output":"=== RUN   TestSDKSettingConstructorLeavesIDAndWrapperUnset\n"}
{"Time":"2026-10-01T08:53:46.819440362+09:00","Action":"output","Package":"github.com/deploymenttheory/terraform-provider-microsoft365","Test":"TestSDKSettingConstructorLeavesIDAndWrapperUnset","Output":"--- PASS: TestSDKSettingConstructorLeavesIDAndWrapperUnset (0.00s)\n"}
{"Time":"2026-10-01T08:53:46.819472801+09:00","Action":"pass","Package":"github.com/deploymenttheory/terraform-provider-microsoft365","Test":"TestSDKSettingConstructorLeavesIDAndWrapperUnset","Elapsed":0}
{"Time":"2026-10-01T08:53:46.819484258+09:00","Action":"run","Package":"github.com/deploymenttheory/terraform-provider-microsoft365","Test":"TestSDKSettingExplicitIDOdataAndAdditionalDataSurvive"}
{"Time":"2026-10-01T08:53:46.8194859+09:00","Action":"output","Package":"github.com/deploymenttheory/terraform-provider-microsoft365","Test":"TestSDKSettingExplicitIDOdataAndAdditionalDataSurvive","Output":"=== RUN   TestSDKSettingExplicitIDOdataAndAdditionalDataSurvive\n"}
{"Time":"2026-10-01T08:53:46.819517718+09:00","Action":"output","Package":"github.com/deploymenttheory/terraform-provider-microsoft365","Test":"TestSDKSettingExplicitIDOdataAndAdditionalDataSurvive","Output":"--- PASS: TestSDKSettingExplicitIDOdataAndAdditionalDataSurvive (0.00s)\n"}
{"Time":"2026-10-01T08:53:46.819802317+09:00","Action":"pass","Package":"github.com/deploymenttheory/terraform-provider-microsoft365","Test":"TestSDKSettingExplicitIDOdataAndAdditionalDataSurvive","Elapsed":0}
{"Time":"2026-10-01T08:53:46.819806743+09:00","Action":"run","Package":"github.com/deploymenttheory/terraform-provider-microsoft365","Test":"TestKnownHazardActualProviderConstructorDropsSettingID"}
{"Time":"2026-10-01T08:53:46.819808296+09:00","Action":"output","Package":"github.com/deploymenttheory/terraform-provider-microsoft365","Test":"TestKnownHazardActualProviderConstructorDropsSettingID","Output":"=== RUN   TestKnownHazardActualProviderConstructorDropsSettingID\n"}
{"Time":"2026-10-01T08:53:46.820051712+09:00","Action":"output","Package":"github.com/deploymenttheory/terraform-provider-microsoft365","Test":"TestKnownHazardActualProviderConstructorDropsSettingID","Output":"    sdk_contract_test.go:17: request=map[settingInstance:map[@odata.type:#microsoft.graph.deviceManagementConfigurationChoiceSettingInstance choiceSettingValue:map[@odata.type:#microsoft.graph.deviceManagementConfigurationChoiceSettingValue value:device_vendor_msft_policy_config_privacy_letappsaccesslocation_2] settingDefinitionId:device_vendor_msft_policy_config_privacy_letappsaccesslocation]]\n"}
{"Time":"2026-10-01T08:53:46.820058011+09:00","Action":"output","Package":"github.com/deploymenttheory/terraform-provider-microsoft365","Test":"TestKnownHazardActualProviderConstructorDropsSettingID","Output":"--- PASS: TestKnownHazardActualProviderConstructorDropsSettingID (0.00s)\n"}
{"Time":"2026-10-01T08:53:46.820059954+09:00","Action":"pass","Package":"github.com/deploymenttheory/terraform-provider-microsoft365","Test":"TestKnownHazardActualProviderConstructorDropsSettingID","Elapsed":0}
{"Time":"2026-10-01T08:53:46.820065182+09:00","Action":"run","Package":"github.com/deploymenttheory/terraform-provider-microsoft365","Test":"TestActualProviderOmitsNullTemplatesAndEmptyChildren"}
{"Time":"2026-10-01T08:53:46.820066865+09:00","Action":"output","Package":"github.com/deploymenttheory/terraform-provider-microsoft365","Test":"TestActualProviderOmitsNullTemplatesAndEmptyChildren","Output":"=== RUN   TestActualProviderOmitsNullTemplatesAndEmptyChildren\n"}
{"Time":"2026-10-01T08:53:46.820097251+09:00","Action":"output","Package":"github.com/deploymenttheory/terraform-provider-microsoft365","Test":"TestActualProviderOmitsNullTemplatesAndEmptyChildren","Output":"--- PASS: TestActualProviderOmitsNullTemplatesAndEmptyChildren (0.00s)\n"}
{"Time":"2026-10-01T08:53:46.820101777+09:00","Action":"pass","Package":"github.com/deploymenttheory/terraform-provider-microsoft365","Test":"TestActualProviderOmitsNullTemplatesAndEmptyChildren","Elapsed":0}
{"Time":"2026-10-01T08:53:46.820105914+09:00","Action":"run","Package":"github.com/deploymenttheory/terraform-provider-microsoft365","Test":"TestSDKChoiceNilAndEmptyChildrenDiffer"}
{"Time":"2026-10-01T08:53:46.820107546+09:00","Action":"output","Package":"github.com/deploymenttheory/terraform-provider-microsoft365","Test":"TestSDKChoiceNilAndEmptyChildrenDiffer","Output":"=== RUN   TestSDKChoiceNilAndEmptyChildrenDiffer\n"}
{"Time":"2026-10-01T08:53:46.820128197+09:00","Action":"output","Package":"github.com/deploymenttheory/terraform-provider-microsoft365","Test":"TestSDKChoiceNilAndEmptyChildrenDiffer","Output":"--- PASS: TestSDKChoiceNilAndEmptyChildrenDiffer (0.00s)\n"}
{"Time":"2026-10-01T08:53:46.82013008+09:00","Action":"pass","Package":"github.com/deploymenttheory/terraform-provider-microsoft365","Test":"TestSDKChoiceNilAndEmptyChildrenDiffer","Elapsed":0}
{"Time":"2026-10-01T08:53:46.820132824+09:00","Action":"output","Package":"github.com/deploymenttheory/terraform-provider-microsoft365","Output":"PASS\n"}
{"Time":"2026-10-01T08:53:46.820465691+09:00","Action":"output","Package":"github.com/deploymenttheory/terraform-provider-microsoft365","Output":"ok  \tgithub.com/deploymenttheory/terraform-provider-microsoft365\t0.005s\n"}
{"Time":"2026-10-01T08:53:46.821219145+09:00","Action":"pass","Package":"github.com/deploymenttheory/terraform-provider-microsoft365","Elapsed":0.006}
