{
  "format_version": "1.0",
  "valid": false,
  "error_count": 1,
  "warning_count": 1,
  "diagnostics": [
    {
      "severity": "error",
      "summary": "Attribute Required",
      "detail": "Attribute \"assignments[Value({\\\"filter_id\\\":\u003cnull\u003e,\\\"filter_type\\\":\\\"include\\\",\\\"group_id\\\":\\\"11111111-1111-4111-8111-111111111111\\\",\\\"type\\\":\\\"groupAssignmentTarget\\\"})].filter_id\" is required because attribute \"assignments[Value({\\\"filter_id\\\":\u003cnull\u003e,\\\"filter_type\\\":\\\"include\\\",\\\"group_id\\\":\\\"11111111-1111-4111-8111-111111111111\\\",\\\"type\\\":\\\"groupAssignmentTarget\\\"})].filter_type\" is set to \"include\".",
      "address": "microsoft365_graph_beta_device_management_settings_catalog_configuration_policy_json.fixture",
      "range": {
        "filename": "main.tf.json",
        "start": {
          "line": 24,
          "column": 24,
          "byte": 1092
        },
        "end": {
          "line": 30,
          "column": 10,
          "byte": 1273
        }
      },
      "snippet": {
        "context": "resource.microsoft365_graph_beta_device_management_settings_catalog_configuration_policy_json.fixture",
        "code": "        \"assignments\": [\n          {\n            \"type\": \"groupAssignmentTarget\",\n            \"group_id\": \"11111111-1111-4111-8111-111111111111\",\n            \"filter_type\": \"include\"\n          }\n        ]",
        "start_line": 24,
        "highlight_start_offset": 23,
        "highlight_end_offset": 204,
        "values": []
      }
    },
    {
      "severity": "warning",
      "summary": "Provider development overrides are in effect",
      "detail": "The following provider development overrides are set in the CLI configuration:\n - registry.terraform.io/deploymenttheory/microsoft365 in /tmp/intune-provider-20261002/baseline-bin\n\nThe behavior may therefore not match any released version of the provider and applying changes may cause the state to become incompatible with published releases."
    }
  ]
}
