{
  "atmos_cli_config": {
    "base_path": ".",
    "components": {
      "terraform": {
        "base_path": "components/terraform",
        "apply_auto_approve": false,
        "append_user_agent": "Atmos/1.199.0 (Cloud Posse; +https://atmos.tools)",
        "deploy_run_init": false,
        "init_run_reconfigure": false,
        "auto_generate_backend_file": false,
        "command": "/nonexistent/qualification-disabled",
        "shell": {
          "prompt": ""
        },
        "init": {
          "pass_vars": false
        },
        "plan": {
          "skip_planfile": false
        }
      },
      "helmfile": {
        "base_path": "",
        "use_eks": true,
        "kubeconfig_path": "",
        "helm_aws_profile_pattern": "",
        "cluster_name_pattern": "",
        "command": ""
      },
      "packer": {
        "base_path": "",
        "command": ""
      },
      "Plugins": null
    },
    "stacks": {
      "base_path": "stacks",
      "included_paths": [
        "orgs/*"
      ],
      "excluded_paths": null,
      "name_pattern": "{stage}",
      "name_template": ""
    },
    "workflows": {
      "base_path": "",
      "list": {
        "format": "",
        "columns": null
      }
    }
  },
  "atmos_component": "leaf",
  "atmos_manifest": "orgs/qualification",
  "atmos_stack": "qualification",
  "atmos_stack_file": "orgs/qualification",
  "auth": {},
  "backend": {},
  "backend_type": "",
  "cli_args": [
    "describe",
    "component"
  ],
  "command": "/nonexistent/qualification-disabled",
  "component": "demo",
  "component_info": {
    "component_path": "/tmp/intune-native-completion/supplement-final/parity-null_shapes/components/terraform/demo",
    "component_type": "terraform",
    "terraform_config": null
  },
  "component_type": "terraform",
  "deps": [
    "orgs/qualification"
  ],
  "deps_all": [
    "catalog/a",
    "orgs/qualification"
  ],
  "env": {},
  "hooks": {},
  "imports": [
    "catalog/a"
  ],
  "inheritance": null,
  "metadata": {
    "component": "demo"
  },
  "overrides": {},
  "providers": {},
  "remote_state_backend": {},
  "remote_state_backend_type": "",
  "settings": {},
  "sources": {
    "backend": {},
    "env": {},
    "settings": {},
    "vars": {
      "list_to_null": {
        "final_value": null,
        "name": "list_to_null",
        "stack_dependencies": [
          {
            "stack_file": "orgs/qualification",
            "stack_file_section": "vars",
            "dependency_type": "inline",
            "variable_value": null
          },
          {
            "stack_file": "catalog/a",
            "stack_file_section": "vars",
            "dependency_type": "import",
            "variable_value": [
              "old"
            ]
          }
        ]
      },
      "map_to_null": {
        "final_value": null,
        "name": "map_to_null",
        "stack_dependencies": [
          {
            "stack_file": "orgs/qualification",
            "stack_file_section": "vars",
            "dependency_type": "inline",
            "variable_value": null
          },
          {
            "stack_file": "catalog/a",
            "stack_file_section": "vars",
            "dependency_type": "import",
            "variable_value": {
              "old": 1
            }
          }
        ]
      },
      "null_to_list": {
        "final_value": [
          "new"
        ],
        "name": "null_to_list",
        "stack_dependencies": [
          {
            "stack_file": "orgs/qualification",
            "stack_file_section": "vars",
            "dependency_type": "inline",
            "variable_value": [
              "new"
            ]
          },
          {
            "stack_file": "catalog/a",
            "stack_file_section": "vars",
            "dependency_type": "import",
            "variable_value": null
          }
        ]
      },
      "null_to_map": {
        "final_value": {
          "new": 1
        },
        "name": "null_to_map",
        "stack_dependencies": [
          {
            "stack_file": "orgs/qualification",
            "stack_file_section": "vars",
            "dependency_type": "inline",
            "variable_value": {
              "new": 1
            }
          },
          {
            "stack_file": "catalog/a",
            "stack_file_section": "vars",
            "dependency_type": "import",
            "variable_value": null
          }
        ]
      },
      "null_to_scalar": {
        "final_value": "new",
        "name": "null_to_scalar",
        "stack_dependencies": [
          {
            "stack_file": "orgs/qualification",
            "stack_file_section": "vars",
            "dependency_type": "inline",
            "variable_value": "new"
          },
          {
            "stack_file": "catalog/a",
            "stack_file_section": "vars",
            "dependency_type": "import",
            "variable_value": null
          }
        ]
      },
      "scalar_to_null": {
        "final_value": null,
        "name": "scalar_to_null",
        "stack_dependencies": [
          {
            "stack_file": "orgs/qualification",
            "stack_file_section": "vars",
            "dependency_type": "inline",
            "variable_value": null
          },
          {
            "stack_file": "catalog/a",
            "stack_file_section": "vars",
            "dependency_type": "import",
            "variable_value": "old"
          }
        ]
      },
      "stage": {
        "final_value": "qualification",
        "name": "stage",
        "stack_dependencies": [
          {
            "stack_file": "orgs/qualification",
            "stack_file_section": "vars",
            "dependency_type": "inline",
            "variable_value": "qualification"
          }
        ]
      }
    }
  },
  "stack": "qualification",
  "tf_cli_vars": {},
  "vars": {
    "list_to_null": null,
    "map_to_null": null,
    "null_to_list": [
      "new"
    ],
    "null_to_map": {
      "new": 1
    },
    "null_to_scalar": "new",
    "scalar_to_null": null,
    "stage": "qualification"
  },
  "workspace": "qualification-leaf"
}
