
[0m[1mInitializing the backend...[0m

[0m[1mInitializing provider plugins...[0m
- terraform.io/builtin/terraform is built in to OpenTofu

[0m[1m[32mOpenTofu has been successfully initialized![0m[32m[0m
[0m[32mSwitched to workspace "dev".[0m
terraform_data.policy: Refreshing state... [id=9b927d9b-0757-ab06-3a48-dbc081f36406]
terraform_data.targeting: Refreshing state... [id=82bd44cf-a656-732e-572f-4fbd15b25af7]

OpenTofu used the selected providers to generate the following execution
plan. Resource actions are indicated with the following symbols:
  ~ update in-place

OpenTofu will perform the following actions:

  # terraform_data.policy will be updated in-place
  ~ resource "terraform_data" "policy" {
        id     = "9b927d9b-0757-ab06-3a48-dbc081f36406"
      ~ input  = {
            name    = "adoption-lab-dev"
          ~ setting = "allow" -> "deny"
        }
      ~ output = {
          - name    = "adoption-lab-dev"
          - setting = "allow"
        } -> (known after apply)
    }

Plan: 0 to add, 1 to change, 0 to destroy.

Changes to Outputs:
  ~ observed_setting = "allow" -> (known after apply)
