
[0m[1mInitializing the backend...[0m

[0m[1mInitializing provider plugins...[0m
- terraform.io/builtin/terraform is built in to OpenTofu

[0m[1m[32mOpenTofu has been successfully initialized![0m[32m[0m
[0m[32mSwitched to workspace "dev".[0m
terraform_data.policy: Refreshing state... [id=203bfa26-d7c3-e231-94e5-907d4b5ab22e]
terraform_data.targeting: Refreshing state... [id=295829d7-0b68-a4a3-d48a-b28f6e363102]

OpenTofu used the selected providers to generate the following execution
plan. Resource actions are indicated with the following symbols:
  ~ update in-place

OpenTofu will perform the following actions:

  # terraform_data.policy will be updated in-place
  ~ resource "terraform_data" "policy" {
        id     = "203bfa26-d7c3-e231-94e5-907d4b5ab22e"
      ~ input  = {
            name    = "adoption-lab-dev"
          ~ setting = "allow" -> "ask"
        }
      ~ output = {
          - name    = "adoption-lab-dev"
          - setting = "allow"
        } -> (known after apply)
    }

Plan: 0 to add, 1 to change, 0 to destroy.

Changes to Outputs:
  ~ observed_setting = "allow" -> (known after apply)
