
[0m[1mInitializing the backend...[0m

[0m[1mInitializing provider plugins...[0m
- terraform.io/builtin/terraform is built in to OpenTofu

[0m[1m[32mOpenTofu has been successfully initialized![0m[32m[0m
[0m[32mSwitched to workspace "prod".[0m

OpenTofu used the selected providers to generate the following execution
plan. Resource actions are indicated with the following symbols:
  + create

OpenTofu will perform the following actions:

  # terraform_data.policy will be created
  + resource "terraform_data" "policy" {
      + id     = (known after apply)
      + input  = {
          + name    = "adoption-lab-prod"
          + setting = "allow"
        }
      + output = (known after apply)
    }

  # terraform_data.targeting will be created
  + resource "terraform_data" "targeting" {
      + id     = (known after apply)
      + input  = {
          + excluded_groups = [
              + "22222222-2222-4222-8222-222222222222",
            ]
          + included_groups = [
              + "11111111-1111-4111-8111-111111111111",
            ]
          + policy_id       = (known after apply)
        }
      + output = (known after apply)
    }

Plan: 2 to add, 0 to change, 0 to destroy.

Changes to Outputs:
  + observed_setting = (known after apply)
  + policy_id        = (known after apply)
  + targeting_id     = (known after apply)
terraform_data.policy: Creating...
terraform_data.policy: Creation complete after 0s [id=36753567-9f6b-f3be-f509-7dd08750ae26]
terraform_data.targeting: Creating...
terraform_data.targeting: Creation complete after 0s [id=e2695a86-f5e8-8d15-c41b-41b3317e292a]

Apply complete! Resources: 2 added, 0 changed, 0 destroyed.

Outputs:

observed_setting = "allow"
policy_id = "36753567-9f6b-f3be-f509-7dd08750ae26"
targeting_id = "e2695a86-f5e8-8d15-c41b-41b3317e292a"
