test_assignment_query_preserves_duplicate_identity_blocker_and_unknown_coverage (plugin_tests.test_atmos_audit.AtmosAuditTests.test_assignment_query_preserves_duplicate_identity_blocker_and_unknown_coverage) ... ok
test_blocked_discovered_stack_prevents_overall_resolved_claim (plugin_tests.test_atmos_audit.AtmosAuditTests.test_blocked_discovered_stack_prevents_overall_resolved_claim) ... ok
test_coherent_filtered_exclusion_is_outside_the_bounded_assignment_contract (plugin_tests.test_atmos_audit.AtmosAuditTests.test_coherent_filtered_exclusion_is_outside_the_bounded_assignment_contract) ... ok
test_duplicate_case_normalized_policy_id_never_claims_complete_inventory (plugin_tests.test_atmos_audit.AtmosAuditTests.test_duplicate_case_normalized_policy_id_never_claims_complete_inventory) ... ok
test_dynamic_configured_import_base_does_not_fall_back_to_default (plugin_tests.test_atmos_audit.AtmosAuditTests.test_dynamic_configured_import_base_does_not_fall_back_to_default) ... ok
test_nonstring_keys_cannot_disappear_before_import_or_dependency_validation (plugin_tests.test_atmos_audit.AtmosAuditTests.test_nonstring_keys_cannot_disappear_before_import_or_dependency_validation) ... ok
test_opaque_production_assignment_key_is_preserved (plugin_tests.test_atmos_audit.AtmosAuditTests.test_opaque_production_assignment_key_is_preserved) ... ok
test_policy_inventory_count_mismatch_is_unknown_for_both_source_adapters (plugin_tests.test_atmos_audit.AtmosAuditTests.test_policy_inventory_count_mismatch_is_unknown_for_both_source_adapters) ... ok
test_production_policy_pagination_honors_full_returned_links_and_boundaries (plugin_tests.test_atmos_audit.AtmosAuditTests.test_production_policy_pagination_honors_full_returned_links_and_boundaries) ... ok
test_recomputed_digest_does_not_accept_contradictory_assignment_relationships (plugin_tests.test_atmos_audit.AtmosAuditTests.test_recomputed_digest_does_not_accept_contradictory_assignment_relationships) ... ok
test_static_import_uses_same_configured_base_path_as_effective_resolution (plugin_tests.test_atmos_audit.AtmosAuditTests.test_static_import_uses_same_configured_base_path_as_effective_resolution) ... ok
test_unknown_dependency_selector_fields_never_resolve_same_manifest_target (plugin_tests.test_atmos_audit.AtmosAuditTests.test_unknown_dependency_selector_fields_never_resolve_same_manifest_target) ... ok
test_unknown_import_options_do_not_receive_resolved_static_target (plugin_tests.test_atmos_audit.AtmosAuditTests.test_unknown_import_options_do_not_receive_resolved_static_target) ... ok
test_unresolved_dependency_declaration_is_visible_in_fixed_query (plugin_tests.test_atmos_audit.AtmosAuditTests.test_unresolved_dependency_declaration_is_visible_in_fixed_query) ... ok
test_concurrent_output_creation_is_preserved (plugin_tests.test_release_audit.ReleaseAuditTests.test_concurrent_output_creation_is_preserved) ... ok
test_existing_archive_and_receipt_are_preserved (plugin_tests.test_release_audit.ReleaseAuditTests.test_existing_archive_and_receipt_are_preserved) ... ok
test_generated_hash_manifest_name_is_reserved (plugin_tests.test_release_audit.ReleaseAuditTests.test_generated_hash_manifest_name_is_reserved) ... ok
test_manifest_parent_traversal_is_rejected (plugin_tests.test_release_audit.ReleaseAuditTests.test_manifest_parent_traversal_is_rejected) ... ok
test_missing_manifest_is_not_recursive_fallback (plugin_tests.test_release_audit.ReleaseAuditTests.test_missing_manifest_is_not_recursive_fallback) ... ok
test_output_symlink_into_checkout_is_rejected_before_writes (plugin_tests.test_release_audit.ReleaseAuditTests.test_output_symlink_into_checkout_is_rejected_before_writes) ... ok
test_runtime_and_source_use_same_snapshot (plugin_tests.test_release_audit.ReleaseAuditTests.test_runtime_and_source_use_same_snapshot) ... ok
test_swapped_source_symlink_never_enters_snapshot (plugin_tests.test_release_audit.ReleaseAuditTests.test_swapped_source_symlink_never_enters_snapshot) ... ok
test_symlinked_runtime_parent_is_rejected (plugin_tests.test_release_audit.ReleaseAuditTests.test_symlinked_runtime_parent_is_rejected) ... ok
test_unlisted_local_data_does_not_enter_source_archive (plugin_tests.test_release_audit.ReleaseAuditTests.test_unlisted_local_data_does_not_enter_source_archive) ... ok

----------------------------------------------------------------------
Ran 24 tests in 0.422s

OK
