{
  "format_version": "1.0",
  "valid": false,
  "error_count": 1,
  "warning_count": 1,
  "diagnostics": [
    {
      "severity": "error",
      "summary": "Invalid Attribute Value Match",
      "detail": "Attribute assignments[Value({\"filter_id\":\"not-a-guid\",\"filter_type\":\"none\",\"group_id\":\"11111111-1111-4111-8111-111111111111\",\"type\":\"groupAssignmentTarget\"})].filter_id must be a valid GUID in the format 00000000-0000-0000-0000-000000000000, got: not-a-guid",
      "address": "microsoft365_graph_beta_device_management_settings_catalog_configuration_policy_json.fixture",
      "range": {
        "filename": "main.tf.json",
        "start": {
          "line": 24,
          "column": 24,
          "byte": 1092
        },
        "end": {
          "line": 31,
          "column": 10,
          "byte": 1309
        }
      },
      "snippet": {
        "context": "resource.microsoft365_graph_beta_device_management_settings_catalog_configuration_policy_json.fixture",
        "code": "        \"assignments\": [\n          {\n            \"type\": \"groupAssignmentTarget\",\n            \"group_id\": \"11111111-1111-4111-8111-111111111111\",\n            \"filter_type\": \"none\",\n            \"filter_id\": \"not-a-guid\"\n          }\n        ]",
        "start_line": 24,
        "highlight_start_offset": 23,
        "highlight_end_offset": 240,
        "values": []
      }
    },
    {
      "severity": "warning",
      "summary": "Provider development overrides are in effect",
      "detail": "The following provider development overrides are set in the CLI configuration:\n - registry.terraform.io/deploymenttheory/microsoft365 in /tmp/intune-provider-20261002/baseline-bin\n\nThe behavior may therefore not match any released version of the provider and applying changes may cause the state to become incompatible with published releases."
    }
  ]
}
